Archive member included to satisfy reference by file (symbol)

C:\Work\Licenta\git\AutomaticAccidentDetectionReportingSystem\nxp_lpcxpresso_11c24_board_lib\Debug\libnxp_lpcxpresso_11c24_board_lib.a(board.o)
                              ./src/SIM808.o (Board_LED_Set)
C:\Work\Licenta\git\AutomaticAccidentDetectionReportingSystem\nxp_lpcxpresso_11c24_board_lib\Debug\libnxp_lpcxpresso_11c24_board_lib.a(board_sysinit.o)
                              ./src/sysinit.o (Board_SystemInit)
C:\Work\Licenta\git\AutomaticAccidentDetectionReportingSystem\lpc_chip_11cxx_lib\Debug\liblpc_chip_11cxx_lib.a(chip_11xx.o)
                              ./src/Functions.o (SystemCoreClock)
C:\Work\Licenta\git\AutomaticAccidentDetectionReportingSystem\lpc_chip_11cxx_lib\Debug\liblpc_chip_11cxx_lib.a(clock_11xx.o)
                              C:\Work\Licenta\git\AutomaticAccidentDetectionReportingSystem\nxp_lpcxpresso_11c24_board_lib\Debug\libnxp_lpcxpresso_11c24_board_lib.a(board_sysinit.o) (Chip_Clock_SetSystemPLLSource)
C:\Work\Licenta\git\AutomaticAccidentDetectionReportingSystem\lpc_chip_11cxx_lib\Debug\liblpc_chip_11cxx_lib.a(gpio_11xx_2.o)
                              C:\Work\Licenta\git\AutomaticAccidentDetectionReportingSystem\nxp_lpcxpresso_11c24_board_lib\Debug\libnxp_lpcxpresso_11c24_board_lib.a(board.o) (Chip_GPIO_Init)
C:\Work\Licenta\git\AutomaticAccidentDetectionReportingSystem\lpc_chip_11cxx_lib\Debug\liblpc_chip_11cxx_lib.a(ring_buffer.o)
                              ./src/SIM808.o (RingBuffer_Init)
C:\Work\Licenta\git\AutomaticAccidentDetectionReportingSystem\lpc_chip_11cxx_lib\Debug\liblpc_chip_11cxx_lib.a(sysctl_11xx.o)
                              C:\Work\Licenta\git\AutomaticAccidentDetectionReportingSystem\nxp_lpcxpresso_11c24_board_lib\Debug\libnxp_lpcxpresso_11c24_board_lib.a(board_sysinit.o) (Chip_SYSCTL_PowerDown)
C:\Work\Licenta\git\AutomaticAccidentDetectionReportingSystem\lpc_chip_11cxx_lib\Debug\liblpc_chip_11cxx_lib.a(uart_11xx.o)
                              ./src/SIM808.o (Chip_UART_Init)
c:/nxp/lpcxpresso_8.1.4_606/lpcxpresso/tools/bin/../lib/gcc/arm-none-eabi/5.2.1/armv6-m\libgcc.a(_udivsi3.o)
                              ./src/Functions.o (__aeabi_uidiv)
c:/nxp/lpcxpresso_8.1.4_606/lpcxpresso/tools/bin/../lib/gcc/arm-none-eabi/5.2.1/armv6-m\libgcc.a(_dvmd_tls.o)
                              c:/nxp/lpcxpresso_8.1.4_606/lpcxpresso/tools/bin/../lib/gcc/arm-none-eabi/5.2.1/armv6-m\libgcc.a(_udivsi3.o) (__aeabi_idiv0)
c:/nxp/lpcxpresso_8.1.4_606/lpcxpresso/tools/bin/../lib/gcc/arm-none-eabi/5.2.1/armv6-m\libgcc.a(_arm_cmpsf2.o)
                              ./src/SIM808.o (__aeabi_fcmpeq)
c:/nxp/lpcxpresso_8.1.4_606/lpcxpresso/tools/bin/../lib/gcc/arm-none-eabi/5.2.1/armv6-m\libgcc.a(_fixunssfsi.o)
                              ./src/Functions.o (__aeabi_f2uiz)
c:/nxp/lpcxpresso_8.1.4_606/lpcxpresso/tools/bin/../lib/gcc/arm-none-eabi/5.2.1/armv6-m\libgcc.a(eqsf2.o)
                              c:/nxp/lpcxpresso_8.1.4_606/lpcxpresso/tools/bin/../lib/gcc/arm-none-eabi/5.2.1/armv6-m\libgcc.a(_arm_cmpsf2.o) (__eqsf2)
c:/nxp/lpcxpresso_8.1.4_606/lpcxpresso/tools/bin/../lib/gcc/arm-none-eabi/5.2.1/armv6-m\libgcc.a(gesf2.o)
                              c:/nxp/lpcxpresso_8.1.4_606/lpcxpresso/tools/bin/../lib/gcc/arm-none-eabi/5.2.1/armv6-m\libgcc.a(_arm_cmpsf2.o) (__gesf2)
c:/nxp/lpcxpresso_8.1.4_606/lpcxpresso/tools/bin/../lib/gcc/arm-none-eabi/5.2.1/armv6-m\libgcc.a(lesf2.o)
                              c:/nxp/lpcxpresso_8.1.4_606/lpcxpresso/tools/bin/../lib/gcc/arm-none-eabi/5.2.1/armv6-m\libgcc.a(_arm_cmpsf2.o) (__lesf2)
c:/nxp/lpcxpresso_8.1.4_606/lpcxpresso/tools/bin/../lib/gcc/arm-none-eabi/5.2.1/armv6-m\libgcc.a(mulsf3.o)
                              ./src/Functions.o (__aeabi_fmul)
c:/nxp/lpcxpresso_8.1.4_606/lpcxpresso/tools/bin/../lib/gcc/arm-none-eabi/5.2.1/armv6-m\libgcc.a(subsf3.o)
                              c:/nxp/lpcxpresso_8.1.4_606/lpcxpresso/tools/bin/../lib/gcc/arm-none-eabi/5.2.1/armv6-m\libgcc.a(_fixunssfsi.o) (__aeabi_fsub)
c:/nxp/lpcxpresso_8.1.4_606/lpcxpresso/tools/bin/../lib/gcc/arm-none-eabi/5.2.1/armv6-m\libgcc.a(fixsfsi.o)
                              c:/nxp/lpcxpresso_8.1.4_606/lpcxpresso/tools/bin/../lib/gcc/arm-none-eabi/5.2.1/armv6-m\libgcc.a(_fixunssfsi.o) (__aeabi_f2iz)
c:/nxp/lpcxpresso_8.1.4_606/lpcxpresso/tools/bin/../lib/gcc/arm-none-eabi/5.2.1/armv6-m\libgcc.a(floatunsisf.o)
                              ./src/Functions.o (__aeabi_ui2f)
c:/nxp/lpcxpresso_8.1.4_606/lpcxpresso/tools/bin/../lib/gcc/arm-none-eabi/5.2.1/armv6-m\libgcc.a(truncdfsf2.o)
                              ./src/SIM808.o (__aeabi_d2f)
c:/nxp/lpcxpresso_8.1.4_606/lpcxpresso/tools/bin/../lib/gcc/arm-none-eabi/5.2.1/armv6-m\libgcc.a(_clzsi2.o)
                              c:/nxp/lpcxpresso_8.1.4_606/lpcxpresso/tools/bin/../lib/gcc/arm-none-eabi/5.2.1/armv6-m\libgcc.a(mulsf3.o) (__clzsi2)
[...]
Memory Configuration

Name             Origin             Length             Attributes
MFlash64         0x00000000         0x00010000         xr
RamLoc8          0x10000000         0x00002000         xrw
*default*        0x00000000         0xffffffff

Linker script and memory map

LOAD ./src/AutomaticAccidentDetectionReportingSystem.o
LOAD ./src/Functions.o
LOAD ./src/SIM808.o
LOAD ./src/cr_startup_lpc11xx.o
LOAD ./src/crp.o
LOAD ./src/sysinit.o
LOAD C:\Work\Licenta\git\AutomaticAccidentDetectionReportingSystem\nxp_lpcxpresso_11c24_board_lib\Debug\libnxp_lpcxpresso_11c24_board_lib.a
LOAD C:\Work\Licenta\git\AutomaticAccidentDetectionReportingSystem\lpc_chip_11cxx_lib\Debug\liblpc_chip_11cxx_lib.a
START GROUP
LOAD c:/nxp/lpcxpresso_8.1.4_606/lpcxpresso/tools/bin/../lib/gcc/arm-none-eabi/5.2.1/armv6-m\libgcc.a
LOAD c:/nxp/lpcxpresso_8.1.4_606/lpcxpresso/tools/bin/../lib/gcc/arm-none-eabi/5.2.1/../../../../arm-none-eabi/lib/armv6-m\libc.a
LOAD c:/nxp/lpcxpresso_8.1.4_606/lpcxpresso/tools/bin/../lib/gcc/arm-none-eabi/5.2.1/../../../../arm-none-eabi/lib/armv6-m\libm.a
LOAD c:/nxp/lpcxpresso_8.1.4_606/lpcxpresso/tools/bin/../lib/gcc/arm-none-eabi/5.2.1/../../../../arm-none-eabi/lib/armv6-m\libcr_newlib_nohost.a
END GROUP
                0x00000000                __base_MFlash64 = 0x0
                0x00000000                __base_Flash = 0x0
                0x00010000                __top_MFlash64 = 0x10000
                0x00010000                __top_Flash = 0x10000
                0x10000000                __base_RamLoc8 = 0x10000000
                0x10000000                __base_RAM = 0x10000000
                0x10002000                __top_RamLoc8 = 0x10002000
                0x10002000                __top_RAM = 0x10002000

.text           0x00000000     0x7268
 FILL mask 0xff
                0x00000000                __vectors_start__ = ABSOLUTE (.)
 *(.isr_vector)
 .isr_vector    0x00000000       0xc0 ./src/cr_startup_lpc11xx.o
                0x00000000                g_pfnVectors
                0x000000c0                . = ALIGN (0x4)
                0x000000c0                __section_table_start = .
                0x000000c0                __data_section_table = .
                0x000000c0        0x4 LONG 0x7268 LOADADDR (.data)
                0x000000c4        0x4 LONG 0x10000000 ADDR (.data)
                0x000000c8        0x4 LONG 0x874 SIZEOF (.data)
                0x000000cc                __data_section_table_end = .
                0x000000cc                __bss_section_table = .
                0x000000cc        0x4 LONG 0x10000874 ADDR (.bss)
                0x000000d0        0x4 LONG 0x17c SIZEOF (.bss)
                0x000000d4                __bss_section_table_end = .
                0x000000d4                __section_table_end = .
 *(.after_vectors*)
 .after_vectors
                0x000000d4      0x124 ./src/cr_startup_lpc11xx.o
                0x000000d4                data_init
                0x00000114                bss_init
                0x00000148                ResetISR
                0x000001c8                NMI_Handler
                0x000001d0                HardFault_Handler
                0x000001d8                SVC_Handler
                0x000001e0                PendSV_Handler
                0x000001e8                SysTick_Handler
                0x000001f0                PIOINT1_IRQHandler
                0x000001f0                CAN_IRQHandler
                0x000001f0                SSP0_IRQHandler
                0x000001f0                IntDefaultHandler
                0x000001f0                TIMER32_1_IRQHandler
                0x000001f0                TIMER32_0_IRQHandler
                0x000001f0                ADC_IRQHandler
                0x000001f0                SSP1_IRQHandler
                0x000001f0                PIOINT2_IRQHandler
                0x000001f0                BOD_IRQHandler
                0x000001f0                WAKEUP_IRQHandler
                0x000001f0                PIOINT0_IRQHandler
                0x000001f0                I2C_IRQHandler
                0x000001f0                WDT_IRQHandler
                0x000001f0                TIMER16_1_IRQHandler
                0x000001f0                TIMER16_0_IRQHandler
                0x000001f0                PIOINT3_IRQHandler
                0x000002fc                . = 0x2fc
 *fill*         0x000001f8      0x104 ff
                0x000002fc                PROVIDE (__CRP_WORD_START__, .)
 *(.crp)
 .crp           0x000002fc        0x4 ./src/crp.o
                0x000002fc                CRP_WORD
                0x00000300                PROVIDE (__CRP_WORD_END__, .)
                0x00000001                ASSERT (! ((__CRP_WORD_START__ == __CRP_WORD_END__)), Linker CRP Enabled, but no CRP_WORD provided within application)
 *(.text*)
 .text.main     0x00000300       0x10 ./src/AutomaticAccidentDetectionReportingSystem.o
                0x00000300                main
 .text.Delay_mS
                0x00000310       0x98 ./src/Functions.o
                0x00000310                Delay_mS
 .text.SeparateReturnedString
                0x000003a8       0x98 ./src/Functions.o
                0x000003a8                SeparateReturnedString
 .text.NVIC_EnableIRQ
                0x00000440       0x2c ./src/SIM808.o
 .text.NVIC_SetPriority
                0x0000046c       0xdc ./src/SIM808.o
 .text.Chip_IOCON_PinMuxSet
                0x00000548       0x28 ./src/SIM808.o
 .text.Chip_UART_TXEnable
                0x00000570       0x18 ./src/SIM808.o
 .text.Chip_UART_IntEnable
                0x00000588       0x20 ./src/SIM808.o
 .text.Chip_UART_SetupFIFOS
                0x000005a8       0x18 ./src/SIM808.o
 .text.Chip_UART_ConfigData
                0x000005c0       0x18 ./src/SIM808.o
 .text.Chip_GPIO_SetPinState
                0x000005d8       0x4c ./src/SIM808.o
 .text.Init_UART_PinMux
                0x00000624       0x28 ./src/SIM808.o
                0x00000624                Init_UART_PinMux
 .text.UART_IRQHandler
                0x0000064c       0x24 ./src/SIM808.o
                0x0000064c                UART_IRQHandler
 .text.SIM808_Init
                0x00000670       0xe4 ./src/SIM808.o
                0x00000670                SIM808_Init
 .text.SendGPSSynchronizationMessage
                0x00000754       0x44 ./src/SIM808.o
                0x00000754                SendGPSSynchronizationMessage
 .text.GetGPSPosition
                0x00000798       0xe4 ./src/SIM808.o
                0x00000798                GetGPSPosition
 .text.SystemInit
                0x0000087c       0x10 ./src/sysinit.o
                0x0000087c                SystemInit
 .text.Chip_GPIO_SetPinState
                0x0000088c       0x4c C:\Work\Licenta\git\AutomaticAccidentDetectionReportingSystem\nxp_lpcxpresso_11c24_board_lib\Debug\libnxp_lpcxpresso_11c24_board_lib.a(board.o)
 .text.Chip_GPIO_SetPinDIROutput
                0x000008d8       0x4c C:\Work\Licenta\git\AutomaticAccidentDetectionReportingSystem\nxp_lpcxpresso_11c24_board_lib\Debug\libnxp_lpcxpresso_11c24_board_lib.a(board.o)
 .text.Board_LED_Init
                0x00000924       0x18 C:\Work\Licenta\git\AutomaticAccidentDetectionReportingSystem\nxp_lpcxpresso_11c24_board_lib\Debug\libnxp_lpcxpresso_11c24_board_lib.a(board.o)
 .text.Board_LED_Set
                0x0000093c       0x34 C:\Work\Licenta\git\AutomaticAccidentDetectionReportingSystem\nxp_lpcxpresso_11c24_board_lib\Debug\libnxp_lpcxpresso_11c24_board_lib.a(board.o)
                0x0000093c                Board_LED_Set
 .text.Board_Init
                0x00000970       0x18 C:\Work\Licenta\git\AutomaticAccidentDetectionReportingSystem\nxp_lpcxpresso_11c24_board_lib\Debug\libnxp_lpcxpresso_11c24_board_lib.a(board.o)
                0x00000970                Board_Init
 .text.Chip_FMC_SetFLASHAccess
                0x00000988       0x30 C:\Work\Licenta\git\AutomaticAccidentDetectionReportingSystem\nxp_lpcxpresso_11c24_board_lib\Debug\libnxp_lpcxpresso_11c24_board_lib.a(board_sysinit.o)
 .text.Chip_Clock_SetupSystemPLL
                0x000009b8       0x38 C:\Work\Licenta\git\AutomaticAccidentDetectionReportingSystem\nxp_lpcxpresso_11c24_board_lib\Debug\libnxp_lpcxpresso_11c24_board_lib.a(board_sysinit.o)
 .text.Chip_Clock_IsSystemPLLLocked
                0x000009f0       0x1c C:\Work\Licenta\git\AutomaticAccidentDetectionReportingSystem\nxp_lpcxpresso_11c24_board_lib\Debug\libnxp_lpcxpresso_11c24_board_lib.a(board_sysinit.o)
 .text.Chip_Clock_SetSysClockDiv
                0x00000a0c       0x1c C:\Work\Licenta\git\AutomaticAccidentDetectionReportingSystem\nxp_lpcxpresso_11c24_board_lib\Debug\libnxp_lpcxpresso_11c24_board_lib.a(board_sysinit.o)
 .text.Chip_Clock_EnablePeriphClock
                0x00000a28       0x30 C:\Work\Licenta\git\AutomaticAccidentDetectionReportingSystem\nxp_lpcxpresso_11c24_board_lib\Debug\libnxp_lpcxpresso_11c24_board_lib.a(board_sysinit.o)
 .text.Chip_IOCON_PinMuxSet
                0x00000a58       0x28 C:\Work\Licenta\git\AutomaticAccidentDetectionReportingSystem\nxp_lpcxpresso_11c24_board_lib\Debug\libnxp_lpcxpresso_11c24_board_lib.a(board_sysinit.o)
 .text.SystemSetupClocking
                0x00000a80       0x68 C:\Work\Licenta\git\AutomaticAccidentDetectionReportingSystem\nxp_lpcxpresso_11c24_board_lib\Debug\libnxp_lpcxpresso_11c24_board_lib.a(board_sysinit.o)
 .text.SystemSetupMuxing
                0x00000ae8       0x4c C:\Work\Licenta\git\AutomaticAccidentDetectionReportingSystem\nxp_lpcxpresso_11c24_board_lib\Debug\libnxp_lpcxpresso_11c24_board_lib.a(board_sysinit.o)
 .text.Board_SystemInit
                0x00000b34       0x14 C:\Work\Licenta\git\AutomaticAccidentDetectionReportingSystem\nxp_lpcxpresso_11c24_board_lib\Debug\libnxp_lpcxpresso_11c24_board_lib.a(board_sysinit.o)
                0x00000b34                Board_SystemInit
 .text.SystemCoreClockUpdate
                0x00000b48       0x18 C:\Work\Licenta\git\AutomaticAccidentDetectionReportingSystem\lpc_chip_11cxx_lib\Debug\liblpc_chip_11cxx_lib.a(chip_11xx.o)
                0x00000b48                SystemCoreClockUpdate
 .text.Chip_Clock_GetMainOscRate
                0x00000b60       0x14 C:\Work\Licenta\git\AutomaticAccidentDetectionReportingSystem\lpc_chip_11cxx_lib\Debug\liblpc_chip_11cxx_lib.a(clock_11xx.o)
 .text.Chip_Clock_GetIntOscRate
                0x00000b74       0x10 C:\Work\Licenta\git\AutomaticAccidentDetectionReportingSystem\lpc_chip_11cxx_lib\Debug\liblpc_chip_11cxx_lib.a(clock_11xx.o)
 .text.Chip_Clock_GetWDTLFORate
                0x00000b84       0x48 C:\Work\Licenta\git\AutomaticAccidentDetectionReportingSystem\lpc_chip_11cxx_lib\Debug\liblpc_chip_11cxx_lib.a(clock_11xx.o)
 .text.Chip_Clock_GetPLLFreq
                0x00000bcc       0x24 C:\Work\Licenta\git\AutomaticAccidentDetectionReportingSystem\lpc_chip_11cxx_lib\Debug\liblpc_chip_11cxx_lib.a(clock_11xx.o)
 .text.Chip_Clock_SetSystemPLLSource
                0x00000bf0       0x2c C:\Work\Licenta\git\AutomaticAccidentDetectionReportingSystem\lpc_chip_11cxx_lib\Debug\liblpc_chip_11cxx_lib.a(clock_11xx.o)
                0x00000bf0                Chip_Clock_SetSystemPLLSource
 .text.Chip_Clock_SetMainClockSource
                0x00000c1c       0x2c C:\Work\Licenta\git\AutomaticAccidentDetectionReportingSystem\lpc_chip_11cxx_lib\Debug\liblpc_chip_11cxx_lib.a(clock_11xx.o)
                0x00000c1c                Chip_Clock_SetMainClockSource
 .text.Chip_Clock_GetWDTOSCRate
                0x00000c48       0x1c C:\Work\Licenta\git\AutomaticAccidentDetectionReportingSystem\lpc_chip_11cxx_lib\Debug\liblpc_chip_11cxx_lib.a(clock_11xx.o)
                0x00000c48                Chip_Clock_GetWDTOSCRate
 .text.Chip_Clock_GetSystemPLLInClockRate
                0x00000c64       0x40 C:\Work\Licenta\git\AutomaticAccidentDetectionReportingSystem\lpc_chip_11cxx_lib\Debug\liblpc_chip_11cxx_lib.a(clock_11xx.o)
                0x00000c64                Chip_Clock_GetSystemPLLInClockRate
 .text.Chip_Clock_GetSystemPLLOutClockRate
                0x00000ca4       0x24 C:\Work\Licenta\git\AutomaticAccidentDetectionReportingSystem\lpc_chip_11cxx_lib\Debug\liblpc_chip_11cxx_lib.a(clock_11xx.o)
                0x00000ca4                Chip_Clock_GetSystemPLLOutClockRate
 .text.Chip_Clock_GetMainClockRate
                0x00000cc8       0x60 C:\Work\Licenta\git\AutomaticAccidentDetectionReportingSystem\lpc_chip_11cxx_lib\Debug\liblpc_chip_11cxx_lib.a(clock_11xx.o)
                0x00000cc8                Chip_Clock_GetMainClockRate
 .text.Chip_Clock_GetSystemClockRate
                0x00000d28       0x24 C:\Work\Licenta\git\AutomaticAccidentDetectionReportingSystem\lpc_chip_11cxx_lib\Debug\liblpc_chip_11cxx_lib.a(clock_11xx.o)
                0x00000d28                Chip_Clock_GetSystemClockRate
 .text.Chip_Clock_EnablePeriphClock
                0x00000d4c       0x30 C:\Work\Licenta\git\AutomaticAccidentDetectionReportingSystem\lpc_chip_11cxx_lib\Debug\liblpc_chip_11cxx_lib.a(gpio_11xx_2.o)
 .text.Chip_GPIO_Init
                0x00000d7c       0x18 C:\Work\Licenta\git\AutomaticAccidentDetectionReportingSystem\lpc_chip_11cxx_lib\Debug\liblpc_chip_11cxx_lib.a(gpio_11xx_2.o)
                0x00000d7c                Chip_GPIO_Init
 .text.RingBuffer_GetCount
                0x00000d94       0x20 C:\Work\Licenta\git\AutomaticAccidentDetectionReportingSystem\lpc_chip_11cxx_lib\Debug\liblpc_chip_11cxx_lib.a(ring_buffer.o)
 .text.RingBuffer_GetFree
                0x00000db4       0x20 C:\Work\Licenta\git\AutomaticAccidentDetectionReportingSystem\lpc_chip_11cxx_lib\Debug\liblpc_chip_11cxx_lib.a(ring_buffer.o)
 .text.RingBuffer_IsFull
                0x00000dd4       0x2c C:\Work\Licenta\git\AutomaticAccidentDetectionReportingSystem\lpc_chip_11cxx_lib\Debug\liblpc_chip_11cxx_lib.a(ring_buffer.o)
 .text.RingBuffer_IsEmpty
                0x00000e00       0x24 C:\Work\Licenta\git\AutomaticAccidentDetectionReportingSystem\lpc_chip_11cxx_lib\Debug\liblpc_chip_11cxx_lib.a(ring_buffer.o)
 .text.RingBuffer_Init
                0x00000e24       0x38 C:\Work\Licenta\git\AutomaticAccidentDetectionReportingSystem\lpc_chip_11cxx_lib\Debug\liblpc_chip_11cxx_lib.a(ring_buffer.o)
                0x00000e24                RingBuffer_Init
 .text.RingBuffer_Insert
                0x00000e5c       0x5c C:\Work\Licenta\git\AutomaticAccidentDetectionReportingSystem\lpc_chip_11cxx_lib\Debug\liblpc_chip_11cxx_lib.a(ring_buffer.o)
                0x00000e5c                RingBuffer_Insert
 .text.RingBuffer_InsertMult
                0x00000eb8      0x120 C:\Work\Licenta\git\AutomaticAccidentDetectionReportingSystem\lpc_chip_11cxx_lib\Debug\liblpc_chip_11cxx_lib.a(ring_buffer.o)
                0x00000eb8                RingBuffer_InsertMult
 .text.RingBuffer_Pop
                0x00000fd8       0x5c C:\Work\Licenta\git\AutomaticAccidentDetectionReportingSystem\lpc_chip_11cxx_lib\Debug\liblpc_chip_11cxx_lib.a(ring_buffer.o)
                0x00000fd8                RingBuffer_Pop
 .text.RingBuffer_PopMult
                0x00001034      0x120 C:\Work\Licenta\git\AutomaticAccidentDetectionReportingSystem\lpc_chip_11cxx_lib\Debug\liblpc_chip_11cxx_lib.a(ring_buffer.o)
                0x00001034                RingBuffer_PopMult
 .text.Chip_SYSCTL_PowerDown
                0x00001154       0x40 C:\Work\Licenta\git\AutomaticAccidentDetectionReportingSystem\lpc_chip_11cxx_lib\Debug\liblpc_chip_11cxx_lib.a(sysctl_11xx.o)
                0x00001154                Chip_SYSCTL_PowerDown
 .text.Chip_SYSCTL_PowerUp
                0x00001194       0x40 C:\Work\Licenta\git\AutomaticAccidentDetectionReportingSystem\lpc_chip_11cxx_lib\Debug\liblpc_chip_11cxx_lib.a(sysctl_11xx.o)
                0x00001194                Chip_SYSCTL_PowerUp
 .text.Chip_Clock_EnablePeriphClock
                0x000011d4       0x30 C:\Work\Licenta\git\AutomaticAccidentDetectionReportingSystem\lpc_chip_11cxx_lib\Debug\liblpc_chip_11cxx_lib.a(uart_11xx.o)
 .text.Chip_Clock_SetUARTClockDiv
                0x00001204       0x1c C:\Work\Licenta\git\AutomaticAccidentDetectionReportingSystem\lpc_chip_11cxx_lib\Debug\liblpc_chip_11cxx_lib.a(uart_11xx.o)
 .text.RingBuffer_IsEmpty
                0x00001220       0x24 C:\Work\Licenta\git\AutomaticAccidentDetectionReportingSystem\lpc_chip_11cxx_lib\Debug\liblpc_chip_11cxx_lib.a(uart_11xx.o)
 .text.Chip_UART_SendByte
                0x00001244       0x20 C:\Work\Licenta\git\AutomaticAccidentDetectionReportingSystem\lpc_chip_11cxx_lib\Debug\liblpc_chip_11cxx_lib.a(uart_11xx.o)
 .text.Chip_UART_ReadByte
                0x00001264       0x18 C:\Work\Licenta\git\AutomaticAccidentDetectionReportingSystem\lpc_chip_11cxx_lib\Debug\liblpc_chip_11cxx_lib.a(uart_11xx.o)
 .text.Chip_UART_IntEnable
                0x0000127c       0x20 C:\Work\Licenta\git\AutomaticAccidentDetectionReportingSystem\lpc_chip_11cxx_lib\Debug\liblpc_chip_11cxx_lib.a(uart_11xx.o)
 .text.Chip_UART_IntDisable
                0x0000129c       0x20 C:\Work\Licenta\git\AutomaticAccidentDetectionReportingSystem\lpc_chip_11cxx_lib\Debug\liblpc_chip_11cxx_lib.a(uart_11xx.o)
 .text.Chip_UART_SetupFIFOS
                0x000012bc       0x18 C:\Work\Licenta\git\AutomaticAccidentDetectionReportingSystem\lpc_chip_11cxx_lib\Debug\liblpc_chip_11cxx_lib.a(uart_11xx.o)
 .text.Chip_UART_ConfigData
                0x000012d4       0x18 C:\Work\Licenta\git\AutomaticAccidentDetectionReportingSystem\lpc_chip_11cxx_lib\Debug\liblpc_chip_11cxx_lib.a(uart_11xx.o)
 .text.Chip_UART_EnableDivisorAccess
                0x000012ec       0x1c C:\Work\Licenta\git\AutomaticAccidentDetectionReportingSystem\lpc_chip_11cxx_lib\Debug\liblpc_chip_11cxx_lib.a(uart_11xx.o)
 .text.Chip_UART_DisableDivisorAccess
                0x00001308       0x20 C:\Work\Licenta\git\AutomaticAccidentDetectionReportingSystem\lpc_chip_11cxx_lib\Debug\liblpc_chip_11cxx_lib.a(uart_11xx.o)
 .text.Chip_UART_SetDivisorLatches
                0x00001328       0x30 C:\Work\Licenta\git\AutomaticAccidentDetectionReportingSystem\lpc_chip_11cxx_lib\Debug\liblpc_chip_11cxx_lib.a(uart_11xx.o)
 .text.Chip_UART_ReadLineStatus
                0x00001358       0x14 C:\Work\Licenta\git\AutomaticAccidentDetectionReportingSystem\lpc_chip_11cxx_lib\Debug\liblpc_chip_11cxx_lib.a(uart_11xx.o)
 .text.Chip_UART_Init
                0x0000136c       0x38 C:\Work\Licenta\git\AutomaticAccidentDetectionReportingSystem\lpc_chip_11cxx_lib\Debug\liblpc_chip_11cxx_lib.a(uart_11xx.o)
                0x0000136c                Chip_UART_Init
 .text.Chip_UART_SetBaud
                0x000013a4       0x64 C:\Work\Licenta\git\AutomaticAccidentDetectionReportingSystem\lpc_chip_11cxx_lib\Debug\liblpc_chip_11cxx_lib.a(uart_11xx.o)
                0x000013a4                Chip_UART_SetBaud
 .text.Chip_UART_RXIntHandlerRB
                0x00001408       0x44 C:\Work\Licenta\git\AutomaticAccidentDetectionReportingSystem\lpc_chip_11cxx_lib\Debug\liblpc_chip_11cxx_lib.a(uart_11xx.o)
                0x00001408                Chip_UART_RXIntHandlerRB
 .text.Chip_UART_TXIntHandlerRB
                0x0000144c       0x48 C:\Work\Licenta\git\AutomaticAccidentDetectionReportingSystem\lpc_chip_11cxx_lib\Debug\liblpc_chip_11cxx_lib.a(uart_11xx.o)
                0x0000144c                Chip_UART_TXIntHandlerRB
 .text.Chip_UART_SendRB
                0x00001494       0x6c C:\Work\Licenta\git\AutomaticAccidentDetectionReportingSystem\lpc_chip_11cxx_lib\Debug\liblpc_chip_11cxx_lib.a(uart_11xx.o)
                0x00001494                Chip_UART_SendRB
 .text.Chip_UART_ReadRB
                0x00001500       0x24 C:\Work\Licenta\git\AutomaticAccidentDetectionReportingSystem\lpc_chip_11cxx_lib\Debug\liblpc_chip_11cxx_lib.a(uart_11xx.o)
                0x00001500                Chip_UART_ReadRB
 .text.Chip_UART_IRQRBHandler
                0x00001524       0x4c C:\Work\Licenta\git\AutomaticAccidentDetectionReportingSystem\lpc_chip_11cxx_lib\Debug\liblpc_chip_11cxx_lib.a(uart_11xx.o)
                0x00001524                Chip_UART_IRQRBHandler
 .text          0x00001570      0x114 c:/nxp/lpcxpresso_8.1.4_606/lpcxpresso/tools/bin/../lib/gcc/arm-none-eabi/5.2.1/armv6-m\libgcc.a(_udivsi3.o)
                0x00001570                __aeabi_uidiv
                0x00001570                __udivsi3
                0x0000167c                __aeabi_uidivmod
 .text          0x00001684        0x4 c:/nxp/lpcxpresso_8.1.4_606/lpcxpresso/tools/bin/../lib/gcc/arm-none-eabi/5.2.1/armv6-m\libgcc.a(_dvmd_tls.o)
                0x00001684                __aeabi_idiv0
                0x00001684                __aeabi_ldiv0
 .text          0x00001688       0x74 c:/nxp/lpcxpresso_8.1.4_606/lpcxpresso/tools/bin/../lib/gcc/arm-none-eabi/5.2.1/armv6-m\libgcc.a(_arm_cmpsf2.o)
                0x00001688                __aeabi_cfrcmple
                0x00001690                __aeabi_cfcmpeq
                0x00001690                __aeabi_cfcmple
                0x000016a0                __aeabi_fcmpeq
                0x000016ac                __aeabi_fcmplt
                0x000016c0                __aeabi_fcmple
                0x000016d4                __aeabi_fcmpgt
                0x000016e8                __aeabi_fcmpge
 .text          0x000016fc       0x30 c:/nxp/lpcxpresso_8.1.4_606/lpcxpresso/tools/bin/../lib/gcc/arm-none-eabi/5.2.1/armv6-m\libgcc.a(_fixunssfsi.o)
                0x000016fc                __fixunssfsi
                0x000016fc                __aeabi_f2uiz
 .text          0x0000172c       0x50 c:/nxp/lpcxpresso_8.1.4_606/lpcxpresso/tools/bin/../lib/gcc/arm-none-eabi/5.2.1/armv6-m\libgcc.a(eqsf2.o)
                0x0000172c                __eqsf2
                0x0000172c                __nesf2
 .text          0x0000177c       0x88 c:/nxp/lpcxpresso_8.1.4_606/lpcxpresso/tools/bin/../lib/gcc/arm-none-eabi/5.2.1/armv6-m\libgcc.a(gesf2.o)
                0x0000177c                __gesf2
                0x0000177c                __gtsf2
 .text          0x00001804       0x88 c:/nxp/lpcxpresso_8.1.4_606/lpcxpresso/tools/bin/../lib/gcc/arm-none-eabi/5.2.1/armv6-m\libgcc.a(lesf2.o)
                0x00001804                __ltsf2
                0x00001804                __lesf2
 .text          0x0000188c      0x228 c:/nxp/lpcxpresso_8.1.4_606/lpcxpresso/tools/bin/../lib/gcc/arm-none-eabi/5.2.1/armv6-m\libgcc.a(mulsf3.o)
                0x0000188c                __aeabi_fmul
 .text          0x00001ab4      0x30c c:/nxp/lpcxpresso_8.1.4_606/lpcxpresso/tools/bin/../lib/gcc/arm-none-eabi/5.2.1/armv6-m\libgcc.a(subsf3.o)
                0x00001ab4                __aeabi_fsub
 .text          0x00001dc0       0x44 c:/nxp/lpcxpresso_8.1.4_606/lpcxpresso/tools/bin/../lib/gcc/arm-none-eabi/5.2.1/armv6-m\libgcc.a(fixsfsi.o)
                0x00001dc0                __aeabi_f2iz
 .text          0x00001e04       0x7c c:/nxp/lpcxpresso_8.1.4_606/lpcxpresso/tools/bin/../lib/gcc/arm-none-eabi/5.2.1/armv6-m\libgcc.a(floatunsisf.o)
                0x00001e04                __aeabi_ui2f
 .text          0x00001e80      0x118 c:/nxp/lpcxpresso_8.1.4_606/lpcxpresso/tools/bin/../lib/gcc/arm-none-eabi/5.2.1/armv6-m\libgcc.a(truncdfsf2.o)
                0x00001e80                __aeabi_d2f
 .text          0x00001f98       0x3c c:/nxp/lpcxpresso_8.1.4_606/lpcxpresso/tools/bin/../lib/gcc/arm-none-eabi/5.2.1/armv6-m\libgcc.a(_clzsi2.o)
                0x00001f98                __clzsi2
 .text.atof     0x00001fd4        0xc c:/nxp/lpcxpresso_8.1.4_606/lpcxpresso/tools/bin/../lib/gcc/arm-none-eabi/5.2.1/../../../../arm-none-eabi/lib/armv6-m\libc.a(lib_a-atof.o)
                0x00001fd4                atof
 .text.malloc   0x00001fe0       0x14 c:/nxp/lpcxpresso_8.1.4_606/lpcxpresso/tools/bin/../lib/gcc/arm-none-eabi/5.2.1/../../../../arm-none-eabi/lib/armv6-m\libc.a(lib_a-malloc.o)
                0x00001fe0                malloc
 .text._malloc_r
                0x00001ff4      0x554 c:/nxp/lpcxpresso_8.1.4_606/lpcxpresso/tools/bin/../lib/gcc/arm-none-eabi/5.2.1/../../../../arm-none-eabi/lib/armv6-m\libc.a(lib_a-mallocr.o)
                0x00001ff4                _malloc_r
 .text.memcpy   0x00002548       0x7c c:/nxp/lpcxpresso_8.1.4_606/lpcxpresso/tools/bin/../lib/gcc/arm-none-eabi/5.2.1/../../../../arm-none-eabi/lib/armv6-m\libc.a(lib_a-memcpy-stub.o)
                0x00002548                memcpy
 .text.__malloc_lock
                0x000025c4        0x4 c:/nxp/lpcxpresso_8.1.4_606/lpcxpresso/tools/bin/../lib/gcc/arm-none-eabi/5.2.1/../../../../arm-none-eabi/lib/armv6-m\libc.a(lib_a-mlock.o)
                0x000025c4                __malloc_lock
 .text.__malloc_unlock
                0x000025c8        0x4 c:/nxp/lpcxpresso_8.1.4_606/lpcxpresso/tools/bin/../lib/gcc/arm-none-eabi/5.2.1/../../../../arm-none-eabi/lib/armv6-m\libc.a(lib_a-mlock.o)
                0x000025c8                __malloc_unlock
 .text.realloc  0x000025cc       0x18 c:/nxp/lpcxpresso_8.1.4_606/lpcxpresso/tools/bin/../lib/gcc/arm-none-eabi/5.2.1/../../../../arm-none-eabi/lib/armv6-m\libc.a(lib_a-realloc.o)
                0x000025cc                realloc
 .text._realloc_r
                0x000025e4      0x3dc c:/nxp/lpcxpresso_8.1.4_606/lpcxpresso/tools/bin/../lib/gcc/arm-none-eabi/5.2.1/../../../../arm-none-eabi/lib/armv6-m\libc.a(lib_a-reallocr.o)
                0x000025e4                _realloc_r
 .text._sbrk_r  0x000029c0       0x24 c:/nxp/lpcxpresso_8.1.4_606/lpcxpresso/tools/bin/../lib/gcc/arm-none-eabi/5.2.1/../../../../arm-none-eabi/lib/armv6-m\libc.a(lib_a-sbrkr.o)
                0x000029c0                _sbrk_r
 .text.unlikely.sulp
                0x000029e4       0x30 c:/nxp/lpcxpresso_8.1.4_606/lpcxpresso/tools/bin/../lib/gcc/arm-none-eabi/5.2.1/../../../../arm-none-eabi/lib/armv6-m\libc.a(lib_a-strtod.o)
 .text._strtod_r
                0x00002a14      0xea4 c:/nxp/lpcxpresso_8.1.4_606/lpcxpresso/tools/bin/../lib/gcc/arm-none-eabi/5.2.1/../../../../arm-none-eabi/lib/armv6-m\libc.a(lib_a-strtod.o)
                0x00002a14                _strtod_r
 .text.strtod   0x000038b8       0x18 c:/nxp/lpcxpresso_8.1.4_606/lpcxpresso/tools/bin/../lib/gcc/arm-none-eabi/5.2.1/../../../../arm-none-eabi/lib/armv6-m\libc.a(lib_a-strtod.o)
                0x000038b8                strtod
 .text.strtok   0x000038d0       0x14 c:/nxp/lpcxpresso_8.1.4_606/lpcxpresso/tools/bin/../lib/gcc/arm-none-eabi/5.2.1/../../../../arm-none-eabi/lib/armv6-m\libc.a(lib_a-strtok.o)
                0x000038d0                strtok
 .text.__strtok_r
                0x000038e4       0x64 c:/nxp/lpcxpresso_8.1.4_606/lpcxpresso/tools/bin/../lib/gcc/arm-none-eabi/5.2.1/../../../../arm-none-eabi/lib/armv6-m\libc.a(lib_a-strtok_r.o)
                0x000038e4                __strtok_r
 .text._malloc_trim_r
                0x00003948       0xa0 c:/nxp/lpcxpresso_8.1.4_606/lpcxpresso/tools/bin/../lib/gcc/arm-none-eabi/5.2.1/../../../../arm-none-eabi/lib/armv6-m\libc.a(lib_a-freer.o)
                0x00003948                _malloc_trim_r
 .text._free_r  0x000039e8      0x1c4 c:/nxp/lpcxpresso_8.1.4_606/lpcxpresso/tools/bin/../lib/gcc/arm-none-eabi/5.2.1/../../../../arm-none-eabi/lib/armv6-m\libc.a(lib_a-freer.o)
                0x000039e8                _free_r
 .text.rshift   0x00003bac       0xa4 c:/nxp/lpcxpresso_8.1.4_606/lpcxpresso/tools/bin/../lib/gcc/arm-none-eabi/5.2.1/../../../../arm-none-eabi/lib/armv6-m\libc.a(lib_a-gdtoa-gethex.o)
 .text.__gethex
                0x00003c50      0x528 c:/nxp/lpcxpresso_8.1.4_606/lpcxpresso/tools/bin/../lib/gcc/arm-none-eabi/5.2.1/../../../../arm-none-eabi/lib/armv6-m\libc.a(lib_a-gdtoa-gethex.o)
                0x00003c50                __gethex
 .text.__match  0x00004178       0x2c c:/nxp/lpcxpresso_8.1.4_606/lpcxpresso/tools/bin/../lib/gcc/arm-none-eabi/5.2.1/../../../../arm-none-eabi/lib/armv6-m\libc.a(lib_a-gdtoa-hexnan.o)
                0x00004178                __match
 .text.__hexnan
                0x000041a4      0x1a8 c:/nxp/lpcxpresso_8.1.4_606/lpcxpresso/tools/bin/../lib/gcc/arm-none-eabi/5.2.1/../../../../arm-none-eabi/lib/armv6-m\libc.a(lib_a-gdtoa-hexnan.o)
                0x000041a4                __hexnan
 .text._localeconv_r
                0x0000434c        0x8 c:/nxp/lpcxpresso_8.1.4_606/lpcxpresso/tools/bin/../lib/gcc/arm-none-eabi/5.2.1/../../../../arm-none-eabi/lib/armv6-m\libc.a(lib_a-locale.o)
                0x0000434c                _localeconv_r
 .text.memmove  0x00004354       0x98 c:/nxp/lpcxpresso_8.1.4_606/lpcxpresso/tools/bin/../lib/gcc/arm-none-eabi/5.2.1/../../../../arm-none-eabi/lib/armv6-m\libc.a(lib_a-memmove.o)
                0x00004354                memmove
 .text._Balloc  0x000043ec       0x50 c:/nxp/lpcxpresso_8.1.4_606/lpcxpresso/tools/bin/../lib/gcc/arm-none-eabi/5.2.1/../../../../arm-none-eabi/lib/armv6-m\libc.a(lib_a-mprec.o)
                0x000043ec                _Balloc
 .text._Bfree   0x0000443c       0x14 c:/nxp/lpcxpresso_8.1.4_606/lpcxpresso/tools/bin/../lib/gcc/arm-none-eabi/5.2.1/../../../../arm-none-eabi/lib/armv6-m\libc.a(lib_a-mprec.o)
                0x0000443c                _Bfree
 .text.__multadd
                0x00004450       0x8c c:/nxp/lpcxpresso_8.1.4_606/lpcxpresso/tools/bin/../lib/gcc/arm-none-eabi/5.2.1/../../../../arm-none-eabi/lib/armv6-m\libc.a(lib_a-mprec.o)
                0x00004450                __multadd
 .text.__s2b    0x000044dc       0x90 c:/nxp/lpcxpresso_8.1.4_606/lpcxpresso/tools/bin/../lib/gcc/arm-none-eabi/5.2.1/../../../../arm-none-eabi/lib/armv6-m\libc.a(lib_a-mprec.o)
                0x000044dc                __s2b
 .text.__hi0bits
                0x0000456c       0x3c c:/nxp/lpcxpresso_8.1.4_606/lpcxpresso/tools/bin/../lib/gcc/arm-none-eabi/5.2.1/../../../../arm-none-eabi/lib/armv6-m\libc.a(lib_a-mprec.o)
                0x0000456c                __hi0bits
 .text.__lo0bits
                0x000045a8       0x5c c:/nxp/lpcxpresso_8.1.4_606/lpcxpresso/tools/bin/../lib/gcc/arm-none-eabi/5.2.1/../../../../arm-none-eabi/lib/armv6-m\libc.a(lib_a-mprec.o)
                0x000045a8                __lo0bits
 .text.__i2b    0x00004604       0x14 c:/nxp/lpcxpresso_8.1.4_606/lpcxpresso/tools/bin/../lib/gcc/arm-none-eabi/5.2.1/../../../../arm-none-eabi/lib/armv6-m\libc.a(lib_a-mprec.o)
                0x00004604                __i2b
 .text.__multiply
                0x00004618      0x15c c:/nxp/lpcxpresso_8.1.4_606/lpcxpresso/tools/bin/../lib/gcc/arm-none-eabi/5.2.1/../../../../arm-none-eabi/lib/armv6-m\libc.a(lib_a-mprec.o)
                0x00004618                __multiply
 .text.__pow5mult
                0x00004774       0xbc c:/nxp/lpcxpresso_8.1.4_606/lpcxpresso/tools/bin/../lib/gcc/arm-none-eabi/5.2.1/../../../../arm-none-eabi/lib/armv6-m\libc.a(lib_a-mprec.o)
                0x00004774                __pow5mult
 .text.__lshift
                0x00004830       0xc0 c:/nxp/lpcxpresso_8.1.4_606/lpcxpresso/tools/bin/../lib/gcc/arm-none-eabi/5.2.1/../../../../arm-none-eabi/lib/armv6-m\libc.a(lib_a-mprec.o)
                0x00004830                __lshift
 .text.__mcmp   0x000048f0       0x3c c:/nxp/lpcxpresso_8.1.4_606/lpcxpresso/tools/bin/../lib/gcc/arm-none-eabi/5.2.1/../../../../arm-none-eabi/lib/armv6-m\libc.a(lib_a-mprec.o)
                0x000048f0                __mcmp
 .text.__mdiff  0x0000492c      0x11c c:/nxp/lpcxpresso_8.1.4_606/lpcxpresso/tools/bin/../lib/gcc/arm-none-eabi/5.2.1/../../../../arm-none-eabi/lib/armv6-m\libc.a(lib_a-mprec.o)
                0x0000492c                __mdiff
 .text.__ulp    0x00004a48       0x4c c:/nxp/lpcxpresso_8.1.4_606/lpcxpresso/tools/bin/../lib/gcc/arm-none-eabi/5.2.1/../../../../arm-none-eabi/lib/armv6-m\libc.a(lib_a-mprec.o)
                0x00004a48                __ulp
 .text.__b2d    0x00004a94       0xd8 c:/nxp/lpcxpresso_8.1.4_606/lpcxpresso/tools/bin/../lib/gcc/arm-none-eabi/5.2.1/../../../../arm-none-eabi/lib/armv6-m\libc.a(lib_a-mprec.o)
                0x00004a94                __b2d
 .text.__d2b    0x00004b6c       0xbc c:/nxp/lpcxpresso_8.1.4_606/lpcxpresso/tools/bin/../lib/gcc/arm-none-eabi/5.2.1/../../../../arm-none-eabi/lib/armv6-m\libc.a(lib_a-mprec.o)
                0x00004b6c                __d2b
 .text.__ratio  0x00004c28       0x74 c:/nxp/lpcxpresso_8.1.4_606/lpcxpresso/tools/bin/../lib/gcc/arm-none-eabi/5.2.1/../../../../arm-none-eabi/lib/armv6-m\libc.a(lib_a-mprec.o)
                0x00004c28                __ratio
 .text.__copybits
                0x00004c9c       0x40 c:/nxp/lpcxpresso_8.1.4_606/lpcxpresso/tools/bin/../lib/gcc/arm-none-eabi/5.2.1/../../../../arm-none-eabi/lib/armv6-m\libc.a(lib_a-mprec.o)
                0x00004c9c                __copybits
 .text.__any_on
                0x00004cdc       0x60 c:/nxp/lpcxpresso_8.1.4_606/lpcxpresso/tools/bin/../lib/gcc/arm-none-eabi/5.2.1/../../../../arm-none-eabi/lib/armv6-m\libc.a(lib_a-mprec.o)
                0x00004cdc                __any_on
 .text.strlen   0x00004d3c       0x68 c:/nxp/lpcxpresso_8.1.4_606/lpcxpresso/tools/bin/../lib/gcc/arm-none-eabi/5.2.1/../../../../arm-none-eabi/lib/armv6-m\libc.a(lib_a-strlen-stub.o)
                0x00004d3c                strlen
 .text.strncmp  0x00004da4       0x98 c:/nxp/lpcxpresso_8.1.4_606/lpcxpresso/tools/bin/../lib/gcc/arm-none-eabi/5.2.1/../../../../arm-none-eabi/lib/armv6-m\libc.a(lib_a-strncmp.o)
                0x00004da4                strncmp
 .text._calloc_r
                0x00004e3c       0x60 c:/nxp/lpcxpresso_8.1.4_606/lpcxpresso/tools/bin/../lib/gcc/arm-none-eabi/5.2.1/../../../../arm-none-eabi/lib/armv6-m\libc.a(lib_a-callocr.o)
                0x00004e3c                _calloc_r
 .text.memset   0x00004e9c       0x8c c:/nxp/lpcxpresso_8.1.4_606/lpcxpresso/tools/bin/../lib/gcc/arm-none-eabi/5.2.1/../../../../arm-none-eabi/lib/armv6-m\libc.a(lib_a-memset.o)
                0x00004e9c                memset
 .text._sbrk    0x00004f28       0x40 c:/nxp/lpcxpresso_8.1.4_606/lpcxpresso/tools/bin/../lib/gcc/arm-none-eabi/5.2.1/../../../../arm-none-eabi/lib/armv6-m\libcr_newlib_nohost.a(_cr_sbrk.o)
                0x00004f28                _sbrk
 .text.__check_heap_overflow
                0x00004f68       0x14 c:/nxp/lpcxpresso_8.1.4_606/lpcxpresso/tools/bin/../lib/gcc/arm-none-eabi/5.2.1/../../../../arm-none-eabi/lib/armv6-m\libcr_newlib_nohost.a(_cr_check_heap.o)
                0x00004f68                __check_heap_overflow
 .text          0x00004f7c      0x1d4 c:/nxp/lpcxpresso_8.1.4_606/lpcxpresso/tools/bin/../lib/gcc/arm-none-eabi/5.2.1/armv6-m\libgcc.a(_divsi3.o)
                0x00004f7c                __divsi3
                0x00004f7c                __aeabi_idiv
                0x00005148                __aeabi_idivmod
 .text          0x00005150       0x7c c:/nxp/lpcxpresso_8.1.4_606/lpcxpresso/tools/bin/../lib/gcc/arm-none-eabi/5.2.1/armv6-m\libgcc.a(_arm_cmpdf2.o)
                0x00005150                __aeabi_cdrcmple
                0x00005160                __aeabi_cdcmple
                0x00005160                __aeabi_cdcmpeq
                0x00005170                __aeabi_dcmpeq
                0x0000517c                __aeabi_dcmplt
                0x00005190                __aeabi_dcmple
                0x000051a4                __aeabi_dcmpgt
                0x000051b8                __aeabi_dcmpge
 .text          0x000051cc       0x3c c:/nxp/lpcxpresso_8.1.4_606/lpcxpresso/tools/bin/../lib/gcc/arm-none-eabi/5.2.1/armv6-m\libgcc.a(_fixunsdfsi.o)
                0x000051cc                __aeabi_d2uiz
                0x000051cc                __fixunsdfsi
 .text          0x00005208      0x658 c:/nxp/lpcxpresso_8.1.4_606/lpcxpresso/tools/bin/../lib/gcc/arm-none-eabi/5.2.1/armv6-m\libgcc.a(adddf3.o)
                0x00005208                __aeabi_dadd
 .text          0x00005860      0x62c c:/nxp/lpcxpresso_8.1.4_606/lpcxpresso/tools/bin/../lib/gcc/arm-none-eabi/5.2.1/armv6-m\libgcc.a(divdf3.o)
                0x00005860                __aeabi_ddiv
 .text          0x00005e8c       0x80 c:/nxp/lpcxpresso_8.1.4_606/lpcxpresso/tools/bin/../lib/gcc/arm-none-eabi/5.2.1/armv6-m\libgcc.a(eqdf2.o)
                0x00005e8c                __nedf2
                0x00005e8c                __eqdf2
 .text          0x00005f0c       0xc8 c:/nxp/lpcxpresso_8.1.4_606/lpcxpresso/tools/bin/../lib/gcc/arm-none-eabi/5.2.1/armv6-m\libgcc.a(gedf2.o)
                0x00005f0c                __gedf2
                0x00005f0c                __gtdf2
 .text          0x00005fd4       0xd4 c:/nxp/lpcxpresso_8.1.4_606/lpcxpresso/tools/bin/../lib/gcc/arm-none-eabi/5.2.1/armv6-m\libgcc.a(ledf2.o)
                0x00005fd4                __ledf2
                0x00005fd4                __ltdf2
 .text          0x000060a8      0x4f4 c:/nxp/lpcxpresso_8.1.4_606/lpcxpresso/tools/bin/../lib/gcc/arm-none-eabi/5.2.1/armv6-m\libgcc.a(muldf3.o)
                0x000060a8                __aeabi_dmul
 .text          0x0000659c      0x6a8 c:/nxp/lpcxpresso_8.1.4_606/lpcxpresso/tools/bin/../lib/gcc/arm-none-eabi/5.2.1/armv6-m\libgcc.a(subdf3.o)
                0x0000659c                __aeabi_dsub
 .text          0x00006c44       0x6c c:/nxp/lpcxpresso_8.1.4_606/lpcxpresso/tools/bin/../lib/gcc/arm-none-eabi/5.2.1/armv6-m\libgcc.a(fixdfsi.o)
                0x00006c44                __aeabi_d2iz
 .text          0x00006cb0       0x84 c:/nxp/lpcxpresso_8.1.4_606/lpcxpresso/tools/bin/../lib/gcc/arm-none-eabi/5.2.1/armv6-m\libgcc.a(floatsidf.o)
                0x00006cb0                __aeabi_i2d
 .text          0x00006d34       0x70 c:/nxp/lpcxpresso_8.1.4_606/lpcxpresso/tools/bin/../lib/gcc/arm-none-eabi/5.2.1/armv6-m\libgcc.a(floatunsidf.o)
                0x00006d34                __aeabi_ui2d
 .text.__errno  0x00006da4        0xc c:/nxp/lpcxpresso_8.1.4_606/lpcxpresso/tools/bin/../lib/gcc/arm-none-eabi/5.2.1/../../../../arm-none-eabi/lib/armv6-m\libc.a(lib_a-errno.o)
                0x00006da4                __errno
 *(.rodata .rodata.* .constdata .constdata.*)
 .rodata        0x00006db0        0x2 ./src/Functions.o
 *fill*         0x00006db2        0x2 ff
 .rodata.CGPSPWRON
                0x00006db4        0xe ./src/SIM808.o
                0x00006db4                CGPSPWRON
 *fill*         0x00006dc2        0x2 ff
 .rodata.CGPSSTATUS
                0x00006dc4       0x10 ./src/SIM808.o
                0x00006dc4                CGPSSTATUS
 .rodata.CGPSINF
                0x00006dd4        0xe ./src/SIM808.o
                0x00006dd4                CGPSINF
 *fill*         0x00006de2        0x2 ff
 .rodata.CGPSRST
                0x00006de4        0xe ./src/SIM808.o
                0x00006de4                CGPSRST
 *fill*         0x00006df2        0x2 ff
 .rodata.OscRateIn
                0x00006df4        0x4 C:\Work\Licenta\git\AutomaticAccidentDetectionReportingSystem\nxp_lpcxpresso_11c24_board_lib\Debug\libnxp_lpcxpresso_11c24_board_lib.a(board.o)
                0x00006df4                OscRateIn
 .rodata.pinmuxing
                0x00006df8       0x28 C:\Work\Licenta\git\AutomaticAccidentDetectionReportingSystem\nxp_lpcxpresso_11c24_board_lib\Debug\libnxp_lpcxpresso_11c24_board_lib.a(board_sysinit.o)
 .rodata.wdtOSCRate
                0x00006e20       0x40 C:\Work\Licenta\git\AutomaticAccidentDetectionReportingSystem\lpc_chip_11cxx_lib\Debug\liblpc_chip_11cxx_lib.a(clock_11xx.o)
 .rodata        0x00006e60       0x40 c:/nxp/lpcxpresso_8.1.4_606/lpcxpresso/tools/bin/../lib/gcc/arm-none-eabi/5.2.1/armv6-m\libgcc.a(mulsf3.o)
 .rodata._strtod_r
                0x00006ea0       0xd4 c:/nxp/lpcxpresso_8.1.4_606/lpcxpresso/tools/bin/../lib/gcc/arm-none-eabi/5.2.1/../../../../arm-none-eabi/lib/armv6-m\libc.a(lib_a-strtod.o)
 .rodata.fpi.5363
                0x00006f74       0x14 c:/nxp/lpcxpresso_8.1.4_606/lpcxpresso/tools/bin/../lib/gcc/arm-none-eabi/5.2.1/../../../../arm-none-eabi/lib/armv6-m\libc.a(lib_a-strtod.o)
 .rodata.str1.4
                0x00006f88        0xf c:/nxp/lpcxpresso_8.1.4_606/lpcxpresso/tools/bin/../lib/gcc/arm-none-eabi/5.2.1/../../../../arm-none-eabi/lib/armv6-m\libc.a(lib_a-strtod.o)
 *fill*         0x00006f97        0x1 ff
 .rodata.tinytens
                0x00006f98       0x28 c:/nxp/lpcxpresso_8.1.4_606/lpcxpresso/tools/bin/../lib/gcc/arm-none-eabi/5.2.1/../../../../arm-none-eabi/lib/armv6-m\libc.a(lib_a-strtod.o)
 .rodata.fpinan.5399
                0x00006fc0       0x14 c:/nxp/lpcxpresso_8.1.4_606/lpcxpresso/tools/bin/../lib/gcc/arm-none-eabi/5.2.1/../../../../arm-none-eabi/lib/armv6-m\libc.a(lib_a-strtod.o)
 .rodata.__hexdig
                0x00006fd4      0x100 c:/nxp/lpcxpresso_8.1.4_606/lpcxpresso/tools/bin/../lib/gcc/arm-none-eabi/5.2.1/../../../../arm-none-eabi/lib/armv6-m\libc.a(lib_a-gdtoa-gethex.o)
                0x00006fd4                __hexdig
 .rodata.str1.4
                0x000070d4        0x2 c:/nxp/lpcxpresso_8.1.4_606/lpcxpresso/tools/bin/../lib/gcc/arm-none-eabi/5.2.1/../../../../arm-none-eabi/lib/armv6-m\libc.a(lib_a-impure.o)
 *fill*         0x000070d6        0x2 ff
 .rodata.str1.4
                0x000070d8       0x10 c:/nxp/lpcxpresso_8.1.4_606/lpcxpresso/tools/bin/../lib/gcc/arm-none-eabi/5.2.1/../../../../arm-none-eabi/lib/armv6-m\libc.a(lib_a-locale.o)
                                 0x12 (size before relaxing)
 .rodata.p05.5402
                0x000070e8        0xc c:/nxp/lpcxpresso_8.1.4_606/lpcxpresso/tools/bin/../lib/gcc/arm-none-eabi/5.2.1/../../../../arm-none-eabi/lib/armv6-m\libc.a(lib_a-mprec.o)
 *fill*         0x000070f4        0x4 ff
 .rodata.__mprec_tens
                0x000070f8       0xc8 c:/nxp/lpcxpresso_8.1.4_606/lpcxpresso/tools/bin/../lib/gcc/arm-none-eabi/5.2.1/../../../../arm-none-eabi/lib/armv6-m\libc.a(lib_a-mprec.o)
                0x000070f8                __mprec_tens
 .rodata.__mprec_bigtens
                0x000071c0       0x28 c:/nxp/lpcxpresso_8.1.4_606/lpcxpresso/tools/bin/../lib/gcc/arm-none-eabi/5.2.1/../../../../arm-none-eabi/lib/armv6-m\libc.a(lib_a-mprec.o)
                0x000071c0                __mprec_bigtens
 .rodata        0x000071e8       0x40 c:/nxp/lpcxpresso_8.1.4_606/lpcxpresso/tools/bin/../lib/gcc/arm-none-eabi/5.2.1/armv6-m\libgcc.a(divdf3.o)
 .rodata        0x00007228       0x40 c:/nxp/lpcxpresso_8.1.4_606/lpcxpresso/tools/bin/../lib/gcc/arm-none-eabi/5.2.1/armv6-m\libgcc.a(muldf3.o)
                0x00007268                . = ALIGN (0x4)

.glue_7         0x00007268        0x0
 .glue_7        0x00007268        0x0 linker stubs

.glue_7t        0x00007268        0x0
 .glue_7t       0x00007268        0x0 linker stubs

.vfp11_veneer   0x00007268        0x0
 .vfp11_veneer  0x00007268        0x0 linker stubs

.v4_bx          0x00007268        0x0
 .v4_bx         0x00007268        0x0 linker stubs

.iplt           0x00007268        0x0
 .iplt          0x00007268        0x0 ./src/AutomaticAccidentDetectionReportingSystem.o

.rel.dyn        0x00007268        0x0
 .rel.iplt      0x00007268        0x0 ./src/AutomaticAccidentDetectionReportingSystem.o

.ARM.extab
 *(.ARM.extab* .gnu.linkonce.armextab.*)
                0x00007268                __exidx_start = .

.ARM.exidx
 *(.ARM.exidx* .gnu.linkonce.armexidx.*)
                0x00007268                __exidx_end = .
                0x00007268                _etext = .

.uninit_RESERVED
                0x10000000        0x0
 *(.bss.$RESERVED*)
                0x10000000                . = ALIGN (0x4)
                0x10000000                _end_uninit_RESERVED = .

.data           0x10000000      0x874 load address 0x00007268
 FILL mask 0xff
                0x10000000                _data = .
 *(vtable)
 *(.ramfunc*)
 *(.data*)
 .data.__malloc_av_
                0x10000000      0x408 c:/nxp/lpcxpresso_8.1.4_606/lpcxpresso/tools/bin/../lib/gcc/arm-none-eabi/5.2.1/../../../../arm-none-eabi/lib/armv6-m\libc.a(lib_a-mallocr.o)
                0x10000000                __malloc_av_
 .data.__malloc_trim_threshold
                0x10000408        0x4 c:/nxp/lpcxpresso_8.1.4_606/lpcxpresso/tools/bin/../lib/gcc/arm-none-eabi/5.2.1/../../../../arm-none-eabi/lib/armv6-m\libc.a(lib_a-mallocr.o)
                0x10000408                __malloc_trim_threshold
 .data.__malloc_sbrk_base
                0x1000040c        0x4 c:/nxp/lpcxpresso_8.1.4_606/lpcxpresso/tools/bin/../lib/gcc/arm-none-eabi/5.2.1/../../../../arm-none-eabi/lib/armv6-m\libc.a(lib_a-mallocr.o)
                0x1000040c                __malloc_sbrk_base
 .data.impure_data
                0x10000410      0x428 c:/nxp/lpcxpresso_8.1.4_606/lpcxpresso/tools/bin/../lib/gcc/arm-none-eabi/5.2.1/../../../../arm-none-eabi/lib/armv6-m\libc.a(lib_a-impure.o)
 .data._impure_ptr
                0x10000838        0x4 c:/nxp/lpcxpresso_8.1.4_606/lpcxpresso/tools/bin/../lib/gcc/arm-none-eabi/5.2.1/../../../../arm-none-eabi/lib/armv6-m\libc.a(lib_a-impure.o)
                0x10000838                _impure_ptr
 .data.lconv    0x1000083c       0x38 c:/nxp/lpcxpresso_8.1.4_606/lpcxpresso/tools/bin/../lib/gcc/arm-none-eabi/5.2.1/../../../../arm-none-eabi/lib/armv6-m\libc.a(lib_a-locale.o)
                0x10000874                . = ALIGN (0x4)
                0x10000874                _edata = .

.igot.plt       0x10000874        0x0 load address 0x00007adc
 .igot.plt      0x10000874        0x0 ./src/AutomaticAccidentDetectionReportingSystem.o

.bss            0x10000874      0x17c load address 0x00007adc
                0x10000874                _bss = .
 *(.bss*)
 .bss.txring    0x10000874       0x14 ./src/AutomaticAccidentDetectionReportingSystem.o
                0x10000874                txring
 .bss.rxring    0x10000888       0x14 ./src/AutomaticAccidentDetectionReportingSystem.o
                0x10000888                rxring
 .bss.GPSReturn
                0x1000089c        0xc ./src/SIM808.o
                0x1000089c                GPSReturn
 .bss.GPSReturnString
                0x100008a8        0x1 ./src/SIM808.o
                0x100008a8                GPSReturnString
 *fill*         0x100008a9        0x3 
 .bss.GPSReturnVector
                0x100008ac        0x4 ./src/SIM808.o
                0x100008ac                GPSReturnVector
 .bss.rxbuff    0x100008b0       0x80 ./src/SIM808.o
 .bss.txbuff    0x10000930       0x80 ./src/SIM808.o
 .bss.__malloc_max_total_mem
                0x100009b0        0x4 c:/nxp/lpcxpresso_8.1.4_606/lpcxpresso/tools/bin/../lib/gcc/arm-none-eabi/5.2.1/../../../../arm-none-eabi/lib/armv6-m\libc.a(lib_a-mallocr.o)
                0x100009b0                __malloc_max_total_mem
 .bss.__malloc_max_sbrked_mem
                0x100009b4        0x4 c:/nxp/lpcxpresso_8.1.4_606/lpcxpresso/tools/bin/../lib/gcc/arm-none-eabi/5.2.1/../../../../arm-none-eabi/lib/armv6-m\libc.a(lib_a-mallocr.o)
                0x100009b4                __malloc_max_sbrked_mem
 .bss.__malloc_top_pad
                0x100009b8        0x4 c:/nxp/lpcxpresso_8.1.4_606/lpcxpresso/tools/bin/../lib/gcc/arm-none-eabi/5.2.1/../../../../arm-none-eabi/lib/armv6-m\libc.a(lib_a-mallocr.o)
                0x100009b8                __malloc_top_pad
 .bss.__malloc_current_mallinfo
                0x100009bc       0x28 c:/nxp/lpcxpresso_8.1.4_606/lpcxpresso/tools/bin/../lib/gcc/arm-none-eabi/5.2.1/../../../../arm-none-eabi/lib/armv6-m\libc.a(lib_a-mallocr.o)
                0x100009bc                __malloc_current_mallinfo
 .bss.__end_of_heap
                0x100009e4        0x4 c:/nxp/lpcxpresso_8.1.4_606/lpcxpresso/tools/bin/../lib/gcc/arm-none-eabi/5.2.1/../../../../arm-none-eabi/lib/armv6-m\libcr_newlib_nohost.a(_cr_sbrk.o)
                0x100009e4                __end_of_heap
 *(COMMON)
 COMMON         0x100009e8        0x4 C:\Work\Licenta\git\AutomaticAccidentDetectionReportingSystem\lpc_chip_11cxx_lib\Debug\liblpc_chip_11cxx_lib.a(chip_11xx.o)
                0x100009e8                SystemCoreClock
 COMMON         0x100009ec        0x4 c:/nxp/lpcxpresso_8.1.4_606/lpcxpresso/tools/bin/../lib/gcc/arm-none-eabi/5.2.1/../../../../arm-none-eabi/lib/armv6-m\libc.a(lib_a-reent.o)
                0x100009ec                errno
                0x100009f0                . = ALIGN (0x4)
                0x100009f0                _ebss = .
                [!provide]                PROVIDE (end, .)

.noinit         0x100009f0        0x0 load address 0x00007adc
                0x100009f0                _noinit = .
 *(.noinit*)
                0x100009f0                . = ALIGN (0x4)
                0x100009f0                _end_noinit = .
                0x100009f0                PROVIDE (_pvHeapStart, DEFINED (__user_heap_base)?__user_heap_base:.)
                0x10002000                PROVIDE (_vStackTop, DEFINED (__user_stack_top)?__user_stack_top:(__top_RamLoc8 - 0x0))
                0xefffdb1d                PROVIDE (__valid_user_code_checksum, (0x0 - (((_vStackTop + (ResetISR + 0x1)) + (DEFINED (NMI_Handler)?NMI_Handler:M0_NMI_Handler + 0x1)) + (DEFINED (HardFault_Handler)?HardFault_Handler:M0_HardFault_Handler + 0x1))))
OUTPUT(AutomaticAccidentDetectionReportingSystem.axf elf32-littlearm)

.debug_info     0x00000000     0x55bf
 .debug_info    0x00000000      0x175 ./src/AutomaticAccidentDetectionReportingSystem.o
 .debug_info    0x00000175      0x695 ./src/Functions.o
 .debug_info    0x0000080a      0xb48 ./src/SIM808.o
 .debug_info    0x00001352      0x1fe ./src/cr_startup_lpc11xx.o
 .debug_info    0x00001550       0x3f ./src/crp.o
 .debug_info    0x0000158f       0xc3 ./src/sysinit.o
 .debug_info    0x00001652      0x814 C:\Work\Licenta\git\AutomaticAccidentDetectionReportingSystem\nxp_lpcxpresso_11c24_board_lib\Debug\libnxp_lpcxpresso_11c24_board_lib.a(board.o)
 .debug_info    0x00001e66      0xa21 C:\Work\Licenta\git\AutomaticAccidentDetectionReportingSystem\nxp_lpcxpresso_11c24_board_lib\Debug\libnxp_lpcxpresso_11c24_board_lib.a(board_sysinit.o)
 .debug_info    0x00002887       0xc2 C:\Work\Licenta\git\AutomaticAccidentDetectionReportingSystem\lpc_chip_11cxx_lib\Debug\liblpc_chip_11cxx_lib.a(chip_11xx.o)
 .debug_info    0x00002949      0x883 C:\Work\Licenta\git\AutomaticAccidentDetectionReportingSystem\lpc_chip_11cxx_lib\Debug\liblpc_chip_11cxx_lib.a(clock_11xx.o)
 .debug_info    0x000031cc      0xb38 C:\Work\Licenta\git\AutomaticAccidentDetectionReportingSystem\lpc_chip_11cxx_lib\Debug\liblpc_chip_11cxx_lib.a(gpio_11xx_2.o)
 .debug_info    0x00003d04      0x344 C:\Work\Licenta\git\AutomaticAccidentDetectionReportingSystem\lpc_chip_11cxx_lib\Debug\liblpc_chip_11cxx_lib.a(ring_buffer.o)
 .debug_info    0x00004048      0x583 C:\Work\Licenta\git\AutomaticAccidentDetectionReportingSystem\lpc_chip_11cxx_lib\Debug\liblpc_chip_11cxx_lib.a(sysctl_11xx.o)
 .debug_info    0x000045cb      0xe66 C:\Work\Licenta\git\AutomaticAccidentDetectionReportingSystem\lpc_chip_11cxx_lib\Debug\liblpc_chip_11cxx_lib.a(uart_11xx.o)
 .debug_info    0x00005431      0x124 c:/nxp/lpcxpresso_8.1.4_606/lpcxpresso/tools/bin/../lib/gcc/arm-none-eabi/5.2.1/../../../../arm-none-eabi/lib/armv6-m\libcr_newlib_nohost.a(_cr_sbrk.o)
 .debug_info    0x00005555       0x6a c:/nxp/lpcxpresso_8.1.4_606/lpcxpresso/tools/bin/../lib/gcc/arm-none-eabi/5.2.1/../../../../arm-none-eabi/lib/armv6-m\libcr_newlib_nohost.a(_cr_check_heap.o)

.debug_abbrev   0x00000000     0x12c7
 .debug_abbrev  0x00000000       0xa0 ./src/AutomaticAccidentDetectionReportingSystem.o
 .debug_abbrev  0x000000a0      0x104 ./src/Functions.o
 .debug_abbrev  0x000001a4      0x257 ./src/SIM808.o
 .debug_abbrev  0x000003fb       0xe6 ./src/cr_startup_lpc11xx.o
 .debug_abbrev  0x000004e1       0x36 ./src/crp.o
 .debug_abbrev  0x00000517       0x6a ./src/sysinit.o
 .debug_abbrev  0x00000581      0x24c C:\Work\Licenta\git\AutomaticAccidentDetectionReportingSystem\nxp_lpcxpresso_11c24_board_lib\Debug\libnxp_lpcxpresso_11c24_board_lib.a(board.o)
 .debug_abbrev  0x000007cd      0x1e7 C:\Work\Licenta\git\AutomaticAccidentDetectionReportingSystem\nxp_lpcxpresso_11c24_board_lib\Debug\libnxp_lpcxpresso_11c24_board_lib.a(board_sysinit.o)
 .debug_abbrev  0x000009b4       0x7b C:\Work\Licenta\git\AutomaticAccidentDetectionReportingSystem\lpc_chip_11cxx_lib\Debug\liblpc_chip_11cxx_lib.a(chip_11xx.o)
 .debug_abbrev  0x00000a2f      0x1c0 C:\Work\Licenta\git\AutomaticAccidentDetectionReportingSystem\lpc_chip_11cxx_lib\Debug\liblpc_chip_11cxx_lib.a(clock_11xx.o)
 .debug_abbrev  0x00000bef      0x1a9 C:\Work\Licenta\git\AutomaticAccidentDetectionReportingSystem\lpc_chip_11cxx_lib\Debug\liblpc_chip_11cxx_lib.a(gpio_11xx_2.o)
 .debug_abbrev  0x00000d98      0x12d C:\Work\Licenta\git\AutomaticAccidentDetectionReportingSystem\lpc_chip_11cxx_lib\Debug\liblpc_chip_11cxx_lib.a(ring_buffer.o)
 .debug_abbrev  0x00000ec5       0xce C:\Work\Licenta\git\AutomaticAccidentDetectionReportingSystem\lpc_chip_11cxx_lib\Debug\liblpc_chip_11cxx_lib.a(sysctl_11xx.o)
 .debug_abbrev  0x00000f93      0x203 C:\Work\Licenta\git\AutomaticAccidentDetectionReportingSystem\lpc_chip_11cxx_lib\Debug\liblpc_chip_11cxx_lib.a(uart_11xx.o)
 .debug_abbrev  0x00001196       0xcf c:/nxp/lpcxpresso_8.1.4_606/lpcxpresso/tools/bin/../lib/gcc/arm-none-eabi/5.2.1/../../../../arm-none-eabi/lib/armv6-m\libcr_newlib_nohost.a(_cr_sbrk.o)
 .debug_abbrev  0x00001265       0x62 c:/nxp/lpcxpresso_8.1.4_606/lpcxpresso/tools/bin/../lib/gcc/arm-none-eabi/5.2.1/../../../../arm-none-eabi/lib/armv6-m\libcr_newlib_nohost.a(_cr_check_heap.o)

.debug_aranges  0x00000000      0x5a0
 .debug_aranges
                0x00000000       0x20 ./src/AutomaticAccidentDetectionReportingSystem.o
 .debug_aranges
                0x00000020       0x28 ./src/Functions.o
 .debug_aranges
                0x00000048       0x90 ./src/SIM808.o
 .debug_aranges
                0x000000d8       0x60 ./src/cr_startup_lpc11xx.o
 .debug_aranges
                0x00000138       0x18 ./src/crp.o
 .debug_aranges
                0x00000150       0x20 ./src/sysinit.o
 .debug_aranges
                0x00000170       0xb0 C:\Work\Licenta\git\AutomaticAccidentDetectionReportingSystem\nxp_lpcxpresso_11c24_board_lib\Debug\libnxp_lpcxpresso_11c24_board_lib.a(board.o)
 .debug_aranges
                0x00000220       0x60 C:\Work\Licenta\git\AutomaticAccidentDetectionReportingSystem\nxp_lpcxpresso_11c24_board_lib\Debug\libnxp_lpcxpresso_11c24_board_lib.a(board_sysinit.o)
 .debug_aranges
                0x00000280       0x20 C:\Work\Licenta\git\AutomaticAccidentDetectionReportingSystem\lpc_chip_11cxx_lib\Debug\liblpc_chip_11cxx_lib.a(chip_11xx.o)
 .debug_aranges
                0x000002a0       0x88 C:\Work\Licenta\git\AutomaticAccidentDetectionReportingSystem\lpc_chip_11cxx_lib\Debug\liblpc_chip_11cxx_lib.a(clock_11xx.o)
 .debug_aranges
                0x00000328       0xb0 C:\Work\Licenta\git\AutomaticAccidentDetectionReportingSystem\lpc_chip_11cxx_lib\Debug\liblpc_chip_11cxx_lib.a(gpio_11xx_2.o)
 .debug_aranges
                0x000003d8       0x60 C:\Work\Licenta\git\AutomaticAccidentDetectionReportingSystem\lpc_chip_11cxx_lib\Debug\liblpc_chip_11cxx_lib.a(ring_buffer.o)
 .debug_aranges
                0x00000438       0x38 C:\Work\Licenta\git\AutomaticAccidentDetectionReportingSystem\lpc_chip_11cxx_lib\Debug\liblpc_chip_11cxx_lib.a(sysctl_11xx.o)
 .debug_aranges
                0x00000470       0xf0 C:\Work\Licenta\git\AutomaticAccidentDetectionReportingSystem\lpc_chip_11cxx_lib\Debug\liblpc_chip_11cxx_lib.a(uart_11xx.o)
 .debug_aranges
                0x00000560       0x20 c:/nxp/lpcxpresso_8.1.4_606/lpcxpresso/tools/bin/../lib/gcc/arm-none-eabi/5.2.1/../../../../arm-none-eabi/lib/armv6-m\libcr_newlib_nohost.a(_cr_sbrk.o)
 .debug_aranges
                0x00000580       0x20 c:/nxp/lpcxpresso_8.1.4_606/lpcxpresso/tools/bin/../lib/gcc/arm-none-eabi/5.2.1/../../../../arm-none-eabi/lib/armv6-m\libcr_newlib_nohost.a(_cr_check_heap.o)

.debug_ranges   0x00000000      0x498
 .debug_ranges  0x00000000       0x10 ./src/AutomaticAccidentDetectionReportingSystem.o
 .debug_ranges  0x00000010       0x18 ./src/Functions.o
 .debug_ranges  0x00000028       0x80 ./src/SIM808.o
 .debug_ranges  0x000000a8       0x50 ./src/cr_startup_lpc11xx.o
 .debug_ranges  0x000000f8       0x10 ./src/sysinit.o
 .debug_ranges  0x00000108       0xa0 C:\Work\Licenta\git\AutomaticAccidentDetectionReportingSystem\nxp_lpcxpresso_11c24_board_lib\Debug\libnxp_lpcxpresso_11c24_board_lib.a(board.o)
 .debug_ranges  0x000001a8       0x50 C:\Work\Licenta\git\AutomaticAccidentDetectionReportingSystem\nxp_lpcxpresso_11c24_board_lib\Debug\libnxp_lpcxpresso_11c24_board_lib.a(board_sysinit.o)
 .debug_ranges  0x000001f8       0x10 C:\Work\Licenta\git\AutomaticAccidentDetectionReportingSystem\lpc_chip_11cxx_lib\Debug\liblpc_chip_11cxx_lib.a(chip_11xx.o)
 .debug_ranges  0x00000208       0x78 C:\Work\Licenta\git\AutomaticAccidentDetectionReportingSystem\lpc_chip_11cxx_lib\Debug\liblpc_chip_11cxx_lib.a(clock_11xx.o)
 .debug_ranges  0x00000280       0xa0 C:\Work\Licenta\git\AutomaticAccidentDetectionReportingSystem\lpc_chip_11cxx_lib\Debug\liblpc_chip_11cxx_lib.a(gpio_11xx_2.o)
 .debug_ranges  0x00000320       0x50 C:\Work\Licenta\git\AutomaticAccidentDetectionReportingSystem\lpc_chip_11cxx_lib\Debug\liblpc_chip_11cxx_lib.a(ring_buffer.o)
 .debug_ranges  0x00000370       0x28 C:\Work\Licenta\git\AutomaticAccidentDetectionReportingSystem\lpc_chip_11cxx_lib\Debug\liblpc_chip_11cxx_lib.a(sysctl_11xx.o)
 .debug_ranges  0x00000398       0xe0 C:\Work\Licenta\git\AutomaticAccidentDetectionReportingSystem\lpc_chip_11cxx_lib\Debug\liblpc_chip_11cxx_lib.a(uart_11xx.o)
 .debug_ranges  0x00000478       0x10 c:/nxp/lpcxpresso_8.1.4_606/lpcxpresso/tools/bin/../lib/gcc/arm-none-eabi/5.2.1/../../../../arm-none-eabi/lib/armv6-m\libcr_newlib_nohost.a(_cr_sbrk.o)
 .debug_ranges  0x00000488       0x10 c:/nxp/lpcxpresso_8.1.4_606/lpcxpresso/tools/bin/../lib/gcc/arm-none-eabi/5.2.1/../../../../arm-none-eabi/lib/armv6-m\libcr_newlib_nohost.a(_cr_check_heap.o)

.debug_macro    0x00000000     0x4e72
 .debug_macro   0x00000000      0x31e ./src/AutomaticAccidentDetectionReportingSystem.o
 .debug_macro   0x0000031e      0x844 ./src/AutomaticAccidentDetectionReportingSystem.o
 .debug_macro   0x00000b62       0x22 ./src/AutomaticAccidentDetectionReportingSystem.o
 .debug_macro   0x00000b84       0x44 ./src/AutomaticAccidentDetectionReportingSystem.o
 .debug_macro   0x00000bc8       0xfd ./src/AutomaticAccidentDetectionReportingSystem.o
 .debug_macro   0x00000cc5       0x22 ./src/AutomaticAccidentDetectionReportingSystem.o
 .debug_macro   0x00000ce7      0x1df ./src/AutomaticAccidentDetectionReportingSystem.o
 .debug_macro   0x00000ec6       0x22 ./src/AutomaticAccidentDetectionReportingSystem.o
 .debug_macro   0x00000ee8       0x7b ./src/AutomaticAccidentDetectionReportingSystem.o
 .debug_macro   0x00000f63       0x10 ./src/AutomaticAccidentDetectionReportingSystem.o
 .debug_macro   0x00000f73       0x1f ./src/AutomaticAccidentDetectionReportingSystem.o
 .debug_macro   0x00000f92       0x3a ./src/AutomaticAccidentDetectionReportingSystem.o
 .debug_macro   0x00000fcc      0x241 ./src/AutomaticAccidentDetectionReportingSystem.o
 .debug_macro   0x0000120d      0x117 ./src/AutomaticAccidentDetectionReportingSystem.o
 .debug_macro   0x00001324       0x22 ./src/AutomaticAccidentDetectionReportingSystem.o
 .debug_macro   0x00001346       0xb2 ./src/AutomaticAccidentDetectionReportingSystem.o
 .debug_macro   0x000013f8       0x10 ./src/AutomaticAccidentDetectionReportingSystem.o
 .debug_macro   0x00001408      0x137 ./src/AutomaticAccidentDetectionReportingSystem.o
 .debug_macro   0x0000153f       0x4c ./src/AutomaticAccidentDetectionReportingSystem.o
 .debug_macro   0x0000158b       0x16 ./src/AutomaticAccidentDetectionReportingSystem.o
 .debug_macro   0x000015a1      0x31a ./src/AutomaticAccidentDetectionReportingSystem.o
 .debug_macro   0x000018bb       0x2e ./src/AutomaticAccidentDetectionReportingSystem.o
 .debug_macro   0x000018e9       0xb8 ./src/AutomaticAccidentDetectionReportingSystem.o
 .debug_macro   0x000019a1       0x11 ./src/AutomaticAccidentDetectionReportingSystem.o
 .debug_macro   0x000019b2       0x7c ./src/AutomaticAccidentDetectionReportingSystem.o
 .debug_macro   0x00001a2e      0x21c ./src/AutomaticAccidentDetectionReportingSystem.o
 .debug_macro   0x00001c4a      0x113 ./src/AutomaticAccidentDetectionReportingSystem.o
 .debug_macro   0x00001d5d       0x10 ./src/AutomaticAccidentDetectionReportingSystem.o
 .debug_macro   0x00001d6d       0x58 ./src/AutomaticAccidentDetectionReportingSystem.o
 .debug_macro   0x00001dc5       0x35 ./src/AutomaticAccidentDetectionReportingSystem.o
 .debug_macro   0x00001dfa       0x9c ./src/AutomaticAccidentDetectionReportingSystem.o
 .debug_macro   0x00001e96       0x16 ./src/AutomaticAccidentDetectionReportingSystem.o
 .debug_macro   0x00001eac       0x97 ./src/AutomaticAccidentDetectionReportingSystem.o
 .debug_macro   0x00001f43      0x329 ./src/AutomaticAccidentDetectionReportingSystem.o
 .debug_macro   0x0000226c       0xfd ./src/AutomaticAccidentDetectionReportingSystem.o
 .debug_macro   0x00002369       0x10 ./src/AutomaticAccidentDetectionReportingSystem.o
 .debug_macro   0x00002379       0x52 ./src/AutomaticAccidentDetectionReportingSystem.o
 .debug_macro   0x000023cb       0x16 ./src/AutomaticAccidentDetectionReportingSystem.o
 .debug_macro   0x000023e1       0x43 ./src/AutomaticAccidentDetectionReportingSystem.o
 .debug_macro   0x00002424      0x187 ./src/AutomaticAccidentDetectionReportingSystem.o
 .debug_macro   0x000025ab       0x10 ./src/AutomaticAccidentDetectionReportingSystem.o
 .debug_macro   0x000025bb       0x22 ./src/AutomaticAccidentDetectionReportingSystem.o
 .debug_macro   0x000025dd       0x3a ./src/AutomaticAccidentDetectionReportingSystem.o
 .debug_macro   0x00002617       0x10 ./src/AutomaticAccidentDetectionReportingSystem.o
 .debug_macro   0x00002627       0x40 ./src/AutomaticAccidentDetectionReportingSystem.o
 .debug_macro   0x00002667       0x65 ./src/AutomaticAccidentDetectionReportingSystem.o
 .debug_macro   0x000026cc       0x16 ./src/AutomaticAccidentDetectionReportingSystem.o
 .debug_macro   0x000026e2      0x197 ./src/AutomaticAccidentDetectionReportingSystem.o
 .debug_macro   0x00002879       0x20 ./src/AutomaticAccidentDetectionReportingSystem.o
 .debug_macro   0x00002899       0x82 ./src/AutomaticAccidentDetectionReportingSystem.o
 .debug_macro   0x0000291b       0xf4 ./src/AutomaticAccidentDetectionReportingSystem.o
 .debug_macro   0x00002a0f       0x16 ./src/AutomaticAccidentDetectionReportingSystem.o
 .debug_macro   0x00002a25       0x16 ./src/AutomaticAccidentDetectionReportingSystem.o
 .debug_macro   0x00002a3b       0x35 ./src/AutomaticAccidentDetectionReportingSystem.o
 .debug_macro   0x00002a70       0x16 ./src/AutomaticAccidentDetectionReportingSystem.o
 .debug_macro   0x00002a86       0x16 ./src/AutomaticAccidentDetectionReportingSystem.o
 .debug_macro   0x00002a9c       0x29 ./src/AutomaticAccidentDetectionReportingSystem.o
 .debug_macro   0x00002ac5      0x2f9 ./src/Functions.o
 .debug_macro   0x00002dbe      0x302 ./src/SIM808.o
 .debug_macro   0x000030c0       0x1d ./src/cr_startup_lpc11xx.o
 .debug_macro   0x000030dd       0x1a ./src/crp.o
 .debug_macro   0x000030f7       0x34 ./src/crp.o
 .debug_macro   0x0000312b      0x2a4 ./src/sysinit.o
 .debug_macro   0x000033cf      0x18a C:\Work\Licenta\git\AutomaticAccidentDetectionReportingSystem\nxp_lpcxpresso_11c24_board_lib\Debug\libnxp_lpcxpresso_11c24_board_lib.a(board.o)
 .debug_macro   0x00003559      0x838 C:\Work\Licenta\git\AutomaticAccidentDetectionReportingSystem\nxp_lpcxpresso_11c24_board_lib\Debug\libnxp_lpcxpresso_11c24_board_lib.a(board.o)
 .debug_macro   0x00003d91       0x10 C:\Work\Licenta\git\AutomaticAccidentDetectionReportingSystem\nxp_lpcxpresso_11c24_board_lib\Debug\libnxp_lpcxpresso_11c24_board_lib.a(board.o)
 .debug_macro   0x00003da1      0x12d C:\Work\Licenta\git\AutomaticAccidentDetectionReportingSystem\nxp_lpcxpresso_11c24_board_lib\Debug\libnxp_lpcxpresso_11c24_board_lib.a(board.o)
 .debug_macro   0x00003ece      0x5b2 C:\Work\Licenta\git\AutomaticAccidentDetectionReportingSystem\nxp_lpcxpresso_11c24_board_lib\Debug\libnxp_lpcxpresso_11c24_board_lib.a(board.o)
 .debug_macro   0x00004480       0x22 C:\Work\Licenta\git\AutomaticAccidentDetectionReportingSystem\nxp_lpcxpresso_11c24_board_lib\Debug\libnxp_lpcxpresso_11c24_board_lib.a(board.o)
 .debug_macro   0x000044a2       0x9a C:\Work\Licenta\git\AutomaticAccidentDetectionReportingSystem\nxp_lpcxpresso_11c24_board_lib\Debug\libnxp_lpcxpresso_11c24_board_lib.a(board.o)
 .debug_macro   0x0000453c       0x12 C:\Work\Licenta\git\AutomaticAccidentDetectionReportingSystem\nxp_lpcxpresso_11c24_board_lib\Debug\libnxp_lpcxpresso_11c24_board_lib.a(board.o)
 .debug_macro   0x0000454e      0x18b C:\Work\Licenta\git\AutomaticAccidentDetectionReportingSystem\nxp_lpcxpresso_11c24_board_lib\Debug\libnxp_lpcxpresso_11c24_board_lib.a(board_sysinit.o)
 .debug_macro   0x000046d9      0x148 C:\Work\Licenta\git\AutomaticAccidentDetectionReportingSystem\lpc_chip_11cxx_lib\Debug\liblpc_chip_11cxx_lib.a(chip_11xx.o)
 .debug_macro   0x00004821      0x148 C:\Work\Licenta\git\AutomaticAccidentDetectionReportingSystem\lpc_chip_11cxx_lib\Debug\liblpc_chip_11cxx_lib.a(clock_11xx.o)
 .debug_macro   0x00004969      0x148 C:\Work\Licenta\git\AutomaticAccidentDetectionReportingSystem\lpc_chip_11cxx_lib\Debug\liblpc_chip_11cxx_lib.a(gpio_11xx_2.o)
 .debug_macro   0x00004ab1       0x83 C:\Work\Licenta\git\AutomaticAccidentDetectionReportingSystem\lpc_chip_11cxx_lib\Debug\liblpc_chip_11cxx_lib.a(ring_buffer.o)
 .debug_macro   0x00004b34       0x74 C:\Work\Licenta\git\AutomaticAccidentDetectionReportingSystem\lpc_chip_11cxx_lib\Debug\liblpc_chip_11cxx_lib.a(ring_buffer.o)
 .debug_macro   0x00004ba8       0x10 C:\Work\Licenta\git\AutomaticAccidentDetectionReportingSystem\lpc_chip_11cxx_lib\Debug\liblpc_chip_11cxx_lib.a(ring_buffer.o)
 .debug_macro   0x00004bb8      0x172 C:\Work\Licenta\git\AutomaticAccidentDetectionReportingSystem\lpc_chip_11cxx_lib\Debug\liblpc_chip_11cxx_lib.a(sysctl_11xx.o)
 .debug_macro   0x00004d2a      0x148 C:\Work\Licenta\git\AutomaticAccidentDetectionReportingSystem\lpc_chip_11cxx_lib\Debug\liblpc_chip_11cxx_lib.a(uart_11xx.o)

.debug_line     0x00000000     0x396e
 .debug_line    0x00000000      0x62e ./src/AutomaticAccidentDetectionReportingSystem.o
 .debug_line    0x0000062e      0x5d4 ./src/Functions.o
 .debug_line    0x00000c02      0x710 ./src/SIM808.o
 .debug_line    0x00001312       0xb8 ./src/cr_startup_lpc11xx.o
 .debug_line    0x000013ca       0x7d ./src/crp.o
 .debug_line    0x00001447      0x4f1 ./src/sysinit.o
 .debug_line    0x00001938      0x4d9 C:\Work\Licenta\git\AutomaticAccidentDetectionReportingSystem\nxp_lpcxpresso_11c24_board_lib\Debug\libnxp_lpcxpresso_11c24_board_lib.a(board.o)
 .debug_line    0x00001e11      0x43c C:\Work\Licenta\git\AutomaticAccidentDetectionReportingSystem\nxp_lpcxpresso_11c24_board_lib\Debug\libnxp_lpcxpresso_11c24_board_lib.a(board_sysinit.o)
 .debug_line    0x0000224d      0x2cd C:\Work\Licenta\git\AutomaticAccidentDetectionReportingSystem\lpc_chip_11cxx_lib\Debug\liblpc_chip_11cxx_lib.a(chip_11xx.o)
 .debug_line    0x0000251a      0x3f7 C:\Work\Licenta\git\AutomaticAccidentDetectionReportingSystem\lpc_chip_11cxx_lib\Debug\liblpc_chip_11cxx_lib.a(clock_11xx.o)
 .debug_line    0x00002911      0x458 C:\Work\Licenta\git\AutomaticAccidentDetectionReportingSystem\lpc_chip_11cxx_lib\Debug\liblpc_chip_11cxx_lib.a(gpio_11xx_2.o)
 .debug_line    0x00002d69      0x260 C:\Work\Licenta\git\AutomaticAccidentDetectionReportingSystem\lpc_chip_11cxx_lib\Debug\liblpc_chip_11cxx_lib.a(ring_buffer.o)
 .debug_line    0x00002fc9      0x30a C:\Work\Licenta\git\AutomaticAccidentDetectionReportingSystem\lpc_chip_11cxx_lib\Debug\liblpc_chip_11cxx_lib.a(sysctl_11xx.o)
 .debug_line    0x000032d3      0x53d C:\Work\Licenta\git\AutomaticAccidentDetectionReportingSystem\lpc_chip_11cxx_lib\Debug\liblpc_chip_11cxx_lib.a(uart_11xx.o)
 .debug_line    0x00003810      0x10b c:/nxp/lpcxpresso_8.1.4_606/lpcxpresso/tools/bin/../lib/gcc/arm-none-eabi/5.2.1/../../../../arm-none-eabi/lib/armv6-m\libcr_newlib_nohost.a(_cr_sbrk.o)
 .debug_line    0x0000391b       0x53 c:/nxp/lpcxpresso_8.1.4_606/lpcxpresso/tools/bin/../lib/gcc/arm-none-eabi/5.2.1/../../../../arm-none-eabi/lib/armv6-m\libcr_newlib_nohost.a(_cr_check_heap.o)

.debug_str      0x00000000     0xecfa
 .debug_str     0x00000000     0xb305 ./src/AutomaticAccidentDetectionReportingSystem.o
                               0xb593 (size before relaxing)
 .debug_str     0x0000b305      0x357 ./src/Functions.o
                               0xb176 (size before relaxing)
 .debug_str     0x0000b65c      0x6f0 ./src/SIM808.o
                               0xb590 (size before relaxing)
 .debug_str     0x0000bd4c      0x178 ./src/cr_startup_lpc11xx.o
                               0x2543 (size before relaxing)
 .debug_str     0x0000bec4       0xe9 ./src/crp.o
                               0x24a5 (size before relaxing)
 .debug_str     0x0000bfad       0x11 ./src/sysinit.o
                               0xad03 (size before relaxing)
 .debug_str     0x0000bfbe     0x1b32 C:\Work\Licenta\git\AutomaticAccidentDetectionReportingSystem\nxp_lpcxpresso_11c24_board_lib\Debug\libnxp_lpcxpresso_11c24_board_lib.a(board.o)
                               0x84bc (size before relaxing)
 .debug_str     0x0000daf0      0x444 C:\Work\Licenta\git\AutomaticAccidentDetectionReportingSystem\nxp_lpcxpresso_11c24_board_lib\Debug\libnxp_lpcxpresso_11c24_board_lib.a(board_sysinit.o)
                               0x8955 (size before relaxing)
 .debug_str     0x0000df34       0x80 C:\Work\Licenta\git\AutomaticAccidentDetectionReportingSystem\lpc_chip_11cxx_lib\Debug\liblpc_chip_11cxx_lib.a(chip_11xx.o)
                               0x7d54 (size before relaxing)
 .debug_str     0x0000dfb4      0x447 C:\Work\Licenta\git\AutomaticAccidentDetectionReportingSystem\lpc_chip_11cxx_lib\Debug\liblpc_chip_11cxx_lib.a(clock_11xx.o)
                               0x8518 (size before relaxing)
 .debug_str     0x0000e3fb      0x242 C:\Work\Licenta\git\AutomaticAccidentDetectionReportingSystem\lpc_chip_11cxx_lib\Debug\liblpc_chip_11cxx_lib.a(gpio_11xx_2.o)
                               0x83f6 (size before relaxing)
 .debug_str     0x0000e63d      0x138 C:\Work\Licenta\git\AutomaticAccidentDetectionReportingSystem\lpc_chip_11cxx_lib\Debug\liblpc_chip_11cxx_lib.a(ring_buffer.o)
                               0x3ee9 (size before relaxing)
 .debug_str     0x0000e775      0x19f C:\Work\Licenta\git\AutomaticAccidentDetectionReportingSystem\lpc_chip_11cxx_lib\Debug\liblpc_chip_11cxx_lib.a(sysctl_11xx.o)
                               0x8162 (size before relaxing)
 .debug_str     0x0000e914      0x23d C:\Work\Licenta\git\AutomaticAccidentDetectionReportingSystem\lpc_chip_11cxx_lib\Debug\liblpc_chip_11cxx_lib.a(uart_11xx.o)
                               0x84cc (size before relaxing)
 .debug_str     0x0000eb51      0x184 c:/nxp/lpcxpresso_8.1.4_606/lpcxpresso/tools/bin/../lib/gcc/arm-none-eabi/5.2.1/../../../../arm-none-eabi/lib/armv6-m\libcr_newlib_nohost.a(_cr_sbrk.o)
                                0x229 (size before relaxing)
 .debug_str     0x0000ecd5       0x25 c:/nxp/lpcxpresso_8.1.4_606/lpcxpresso/tools/bin/../lib/gcc/arm-none-eabi/5.2.1/../../../../arm-none-eabi/lib/armv6-m\libcr_newlib_nohost.a(_cr_check_heap.o)
                                0x16b (size before relaxing)

.comment        0x00000000       0x6e
 .comment       0x00000000       0x6e ./src/AutomaticAccidentDetectionReportingSystem.o
                                 0x6f (size before relaxing)
 .comment       0x0000006e       0x6f ./src/Functions.o
 .comment       0x0000006e       0x6f ./src/SIM808.o
 .comment       0x0000006e       0x6f ./src/cr_startup_lpc11xx.o
 .comment       0x0000006e       0x6f ./src/crp.o
 .comment       0x0000006e       0x6f ./src/sysinit.o
 .comment       0x0000006e       0x6f C:\Work\Licenta\git\AutomaticAccidentDetectionReportingSystem\nxp_lpcxpresso_11c24_board_lib\Debug\libnxp_lpcxpresso_11c24_board_lib.a(board.o)
 .comment       0x0000006e       0x6f C:\Work\Licenta\git\AutomaticAccidentDetectionReportingSystem\nxp_lpcxpresso_11c24_board_lib\Debug\libnxp_lpcxpresso_11c24_board_lib.a(board_sysinit.o)
 .comment       0x0000006e       0x6f C:\Work\Licenta\git\AutomaticAccidentDetectionReportingSystem\lpc_chip_11cxx_lib\Debug\liblpc_chip_11cxx_lib.a(chip_11xx.o)
 .comment       0x0000006e       0x6f C:\Work\Licenta\git\AutomaticAccidentDetectionReportingSystem\lpc_chip_11cxx_lib\Debug\liblpc_chip_11cxx_lib.a(clock_11xx.o)
 .comment       0x0000006e       0x6f C:\Work\Licenta\git\AutomaticAccidentDetectionReportingSystem\lpc_chip_11cxx_lib\Debug\liblpc_chip_11cxx_lib.a(gpio_11xx_2.o)
 .comment       0x0000006e       0x6f C:\Work\Licenta\git\AutomaticAccidentDetectionReportingSystem\lpc_chip_11cxx_lib\Debug\liblpc_chip_11cxx_lib.a(ring_buffer.o)
 .comment       0x0000006e       0x6f C:\Work\Licenta\git\AutomaticAccidentDetectionReportingSystem\lpc_chip_11cxx_lib\Debug\liblpc_chip_11cxx_lib.a(sysctl_11xx.o)
 .comment       0x0000006e       0x6f C:\Work\Licenta\git\AutomaticAccidentDetectionReportingSystem\lpc_chip_11cxx_lib\Debug\liblpc_chip_11cxx_lib.a(uart_11xx.o)
 .comment       0x0000006e       0x6f c:/nxp/lpcxpresso_8.1.4_606/lpcxpresso/tools/bin/../lib/gcc/arm-none-eabi/5.2.1/../../../../arm-none-eabi/lib/armv6-m\libcr_newlib_nohost.a(_cr_sbrk.o)
 .comment       0x0000006e       0x6f c:/nxp/lpcxpresso_8.1.4_606/lpcxpresso/tools/bin/../lib/gcc/arm-none-eabi/5.2.1/../../../../arm-none-eabi/lib/armv6-m\libcr_newlib_nohost.a(_cr_check_heap.o)

.ARM.attributes
                0x00000000       0x2f
 .ARM.attributes
                0x00000000       0x31 ./src/AutomaticAccidentDetectionReportingSystem.o
 .ARM.attributes
                0x00000031       0x31 ./src/Functions.o
 .ARM.attributes
                0x00000062       0x31 ./src/SIM808.o
 .ARM.attributes
                0x00000093       0x31 ./src/cr_startup_lpc11xx.o
 .ARM.attributes
                0x000000c4       0x31 ./src/crp.o
 .ARM.attributes
                0x000000f5       0x31 ./src/sysinit.o
 .ARM.attributes
                0x00000126       0x31 C:\Work\Licenta\git\AutomaticAccidentDetectionReportingSystem\nxp_lpcxpresso_11c24_board_lib\Debug\libnxp_lpcxpresso_11c24_board_lib.a(board.o)
 .ARM.attributes
                0x00000157       0x31 C:\Work\Licenta\git\AutomaticAccidentDetectionReportingSystem\nxp_lpcxpresso_11c24_board_lib\Debug\libnxp_lpcxpresso_11c24_board_lib.a(board_sysinit.o)
 .ARM.attributes
                0x00000188       0x31 C:\Work\Licenta\git\AutomaticAccidentDetectionReportingSystem\lpc_chip_11cxx_lib\Debug\liblpc_chip_11cxx_lib.a(chip_11xx.o)
 .ARM.attributes
                0x000001b9       0x31 C:\Work\Licenta\git\AutomaticAccidentDetectionReportingSystem\lpc_chip_11cxx_lib\Debug\liblpc_chip_11cxx_lib.a(clock_11xx.o)
 .ARM.attributes
                0x000001ea       0x31 C:\Work\Licenta\git\AutomaticAccidentDetectionReportingSystem\lpc_chip_11cxx_lib\Debug\liblpc_chip_11cxx_lib.a(gpio_11xx_2.o)
 .ARM.attributes
                0x0000021b       0x31 C:\Work\Licenta\git\AutomaticAccidentDetectionReportingSystem\lpc_chip_11cxx_lib\Debug\liblpc_chip_11cxx_lib.a(ring_buffer.o)
 .ARM.attributes
                0x0000024c       0x31 C:\Work\Licenta\git\AutomaticAccidentDetectionReportingSystem\lpc_chip_11cxx_lib\Debug\liblpc_chip_11cxx_lib.a(sysctl_11xx.o)
 .ARM.attributes
                0x0000027d       0x31 C:\Work\Licenta\git\AutomaticAccidentDetectionReportingSystem\lpc_chip_11cxx_lib\Debug\liblpc_chip_11cxx_lib.a(uart_11xx.o)
 .ARM.attributes
                0x000002ae       0x1e c:/nxp/lpcxpresso_8.1.4_606/lpcxpresso/tools/bin/../lib/gcc/arm-none-eabi/5.2.1/armv6-m\libgcc.a(_udivsi3.o)
 .ARM.attributes
                0x000002cc       0x1e c:/nxp/lpcxpresso_8.1.4_606/lpcxpresso/tools/bin/../lib/gcc/arm-none-eabi/5.2.1/armv6-m\libgcc.a(_dvmd_tls.o)
 .ARM.attributes
                0x000002ea       0x1e c:/nxp/lpcxpresso_8.1.4_606/lpcxpresso/tools/bin/../lib/gcc/arm-none-eabi/5.2.1/armv6-m\libgcc.a(_arm_cmpsf2.o)
 .ARM.attributes
                0x00000308       0x2c c:/nxp/lpcxpresso_8.1.4_606/lpcxpresso/tools/bin/../lib/gcc/arm-none-eabi/5.2.1/armv6-m\libgcc.a(_fixunssfsi.o)
 .ARM.attributes
                0x00000334       0x2c c:/nxp/lpcxpresso_8.1.4_606/lpcxpresso/tools/bin/../lib/gcc/arm-none-eabi/5.2.1/armv6-m\libgcc.a(eqsf2.o)
 .ARM.attributes
                0x00000360       0x2c c:/nxp/lpcxpresso_8.1.4_606/lpcxpresso/tools/bin/../lib/gcc/arm-none-eabi/5.2.1/armv6-m\libgcc.a(gesf2.o)
 .ARM.attributes
                0x0000038c       0x2c c:/nxp/lpcxpresso_8.1.4_606/lpcxpresso/tools/bin/../lib/gcc/arm-none-eabi/5.2.1/armv6-m\libgcc.a(lesf2.o)
 .ARM.attributes
                0x000003b8       0x2c c:/nxp/lpcxpresso_8.1.4_606/lpcxpresso/tools/bin/../lib/gcc/arm-none-eabi/5.2.1/armv6-m\libgcc.a(mulsf3.o)
 .ARM.attributes
                0x000003e4       0x2c c:/nxp/lpcxpresso_8.1.4_606/lpcxpresso/tools/bin/../lib/gcc/arm-none-eabi/5.2.1/armv6-m\libgcc.a(subsf3.o)
 .ARM.attributes
                0x00000410       0x2c c:/nxp/lpcxpresso_8.1.4_606/lpcxpresso/tools/bin/../lib/gcc/arm-none-eabi/5.2.1/armv6-m\libgcc.a(fixsfsi.o)
 .ARM.attributes
                0x0000043c       0x2c c:/nxp/lpcxpresso_8.1.4_606/lpcxpresso/tools/bin/../lib/gcc/arm-none-eabi/5.2.1/armv6-m\libgcc.a(floatunsisf.o)
 .ARM.attributes
                0x00000468       0x2c c:/nxp/lpcxpresso_8.1.4_606/lpcxpresso/tools/bin/../lib/gcc/arm-none-eabi/5.2.1/armv6-m\libgcc.a(truncdfsf2.o)
 .ARM.attributes
                0x00000494       0x1e c:/nxp/lpcxpresso_8.1.4_606/lpcxpresso/tools/bin/../lib/gcc/arm-none-eabi/5.2.1/armv6-m\libgcc.a(_clzsi2.o)
 .ARM.attributes
                0x000004b2       0x2c c:/nxp/lpcxpresso_8.1.4_606/lpcxpresso/tools/bin/../lib/gcc/arm-none-eabi/5.2.1/../../../../arm-none-eabi/lib/armv6-m\libc.a(lib_a-atof.o)
 .ARM.attributes
                0x000004de       0x2c c:/nxp/lpcxpresso_8.1.4_606/lpcxpresso/tools/bin/../lib/gcc/arm-none-eabi/5.2.1/../../../../arm-none-eabi/lib/armv6-m\libc.a(lib_a-malloc.o)
 .ARM.attributes
                0x0000050a       0x2c c:/nxp/lpcxpresso_8.1.4_606/lpcxpresso/tools/bin/../lib/gcc/arm-none-eabi/5.2.1/../../../../arm-none-eabi/lib/armv6-m\libc.a(lib_a-mallocr.o)
 .ARM.attributes
                0x00000536       0x2c c:/nxp/lpcxpresso_8.1.4_606/lpcxpresso/tools/bin/../lib/gcc/arm-none-eabi/5.2.1/../../../../arm-none-eabi/lib/armv6-m\libc.a(lib_a-memcpy-stub.o)
 .ARM.attributes
                0x00000562       0x2c c:/nxp/lpcxpresso_8.1.4_606/lpcxpresso/tools/bin/../lib/gcc/arm-none-eabi/5.2.1/../../../../arm-none-eabi/lib/armv6-m\libc.a(lib_a-mlock.o)
 .ARM.attributes
                0x0000058e       0x2c c:/nxp/lpcxpresso_8.1.4_606/lpcxpresso/tools/bin/../lib/gcc/arm-none-eabi/5.2.1/../../../../arm-none-eabi/lib/armv6-m\libc.a(lib_a-realloc.o)
 .ARM.attributes
                0x000005ba       0x2c c:/nxp/lpcxpresso_8.1.4_606/lpcxpresso/tools/bin/../lib/gcc/arm-none-eabi/5.2.1/../../../../arm-none-eabi/lib/armv6-m\libc.a(lib_a-reallocr.o)
 .ARM.attributes
                0x000005e6       0x2c c:/nxp/lpcxpresso_8.1.4_606/lpcxpresso/tools/bin/../lib/gcc/arm-none-eabi/5.2.1/../../../../arm-none-eabi/lib/armv6-m\libc.a(lib_a-sbrkr.o)
 .ARM.attributes
                0x00000612       0x2c c:/nxp/lpcxpresso_8.1.4_606/lpcxpresso/tools/bin/../lib/gcc/arm-none-eabi/5.2.1/../../../../arm-none-eabi/lib/armv6-m\libc.a(lib_a-strtod.o)
 .ARM.attributes
                0x0000063e       0x2c c:/nxp/lpcxpresso_8.1.4_606/lpcxpresso/tools/bin/../lib/gcc/arm-none-eabi/5.2.1/../../../../arm-none-eabi/lib/armv6-m\libc.a(lib_a-strtok.o)
 .ARM.attributes
                0x0000066a       0x2c c:/nxp/lpcxpresso_8.1.4_606/lpcxpresso/tools/bin/../lib/gcc/arm-none-eabi/5.2.1/../../../../arm-none-eabi/lib/armv6-m\libc.a(lib_a-strtok_r.o)
 .ARM.attributes
                0x00000696       0x2c c:/nxp/lpcxpresso_8.1.4_606/lpcxpresso/tools/bin/../lib/gcc/arm-none-eabi/5.2.1/../../../../arm-none-eabi/lib/armv6-m\libc.a(lib_a-freer.o)
 .ARM.attributes
                0x000006c2       0x2c c:/nxp/lpcxpresso_8.1.4_606/lpcxpresso/tools/bin/../lib/gcc/arm-none-eabi/5.2.1/../../../../arm-none-eabi/lib/armv6-m\libc.a(lib_a-gdtoa-gethex.o)
 .ARM.attributes
                0x000006ee       0x2c c:/nxp/lpcxpresso_8.1.4_606/lpcxpresso/tools/bin/../lib/gcc/arm-none-eabi/5.2.1/../../../../arm-none-eabi/lib/armv6-m\libc.a(lib_a-gdtoa-hexnan.o)
 .ARM.attributes
                0x0000071a       0x2c c:/nxp/lpcxpresso_8.1.4_606/lpcxpresso/tools/bin/../lib/gcc/arm-none-eabi/5.2.1/../../../../arm-none-eabi/lib/armv6-m\libc.a(lib_a-impure.o)
 .ARM.attributes
                0x00000746       0x2c c:/nxp/lpcxpresso_8.1.4_606/lpcxpresso/tools/bin/../lib/gcc/arm-none-eabi/5.2.1/../../../../arm-none-eabi/lib/armv6-m\libc.a(lib_a-locale.o)
 .ARM.attributes
                0x00000772       0x2c c:/nxp/lpcxpresso_8.1.4_606/lpcxpresso/tools/bin/../lib/gcc/arm-none-eabi/5.2.1/../../../../arm-none-eabi/lib/armv6-m\libc.a(lib_a-memmove.o)
 .ARM.attributes
                0x0000079e       0x2c c:/nxp/lpcxpresso_8.1.4_606/lpcxpresso/tools/bin/../lib/gcc/arm-none-eabi/5.2.1/../../../../arm-none-eabi/lib/armv6-m\libc.a(lib_a-mprec.o)
 .ARM.attributes
                0x000007ca       0x2c c:/nxp/lpcxpresso_8.1.4_606/lpcxpresso/tools/bin/../lib/gcc/arm-none-eabi/5.2.1/../../../../arm-none-eabi/lib/armv6-m\libc.a(lib_a-reent.o)
 .ARM.attributes
                0x000007f6       0x2c c:/nxp/lpcxpresso_8.1.4_606/lpcxpresso/tools/bin/../lib/gcc/arm-none-eabi/5.2.1/../../../../arm-none-eabi/lib/armv6-m\libc.a(lib_a-strlen-stub.o)
 .ARM.attributes
                0x00000822       0x2c c:/nxp/lpcxpresso_8.1.4_606/lpcxpresso/tools/bin/../lib/gcc/arm-none-eabi/5.2.1/../../../../arm-none-eabi/lib/armv6-m\libc.a(lib_a-strncmp.o)
 .ARM.attributes
                0x0000084e       0x2c c:/nxp/lpcxpresso_8.1.4_606/lpcxpresso/tools/bin/../lib/gcc/arm-none-eabi/5.2.1/../../../../arm-none-eabi/lib/armv6-m\libc.a(lib_a-callocr.o)
 .ARM.attributes
                0x0000087a       0x2c c:/nxp/lpcxpresso_8.1.4_606/lpcxpresso/tools/bin/../lib/gcc/arm-none-eabi/5.2.1/../../../../arm-none-eabi/lib/armv6-m\libc.a(lib_a-memset.o)
 .ARM.attributes
                0x000008a6       0x31 c:/nxp/lpcxpresso_8.1.4_606/lpcxpresso/tools/bin/../lib/gcc/arm-none-eabi/5.2.1/../../../../arm-none-eabi/lib/armv6-m\libcr_newlib_nohost.a(_cr_sbrk.o)
 .ARM.attributes
                0x000008d7       0x31 c:/nxp/lpcxpresso_8.1.4_606/lpcxpresso/tools/bin/../lib/gcc/arm-none-eabi/5.2.1/../../../../arm-none-eabi/lib/armv6-m\libcr_newlib_nohost.a(_cr_check_heap.o)
 .ARM.attributes
                0x00000908       0x1e c:/nxp/lpcxpresso_8.1.4_606/lpcxpresso/tools/bin/../lib/gcc/arm-none-eabi/5.2.1/armv6-m\libgcc.a(_divsi3.o)
 .ARM.attributes
                0x00000926       0x1e c:/nxp/lpcxpresso_8.1.4_606/lpcxpresso/tools/bin/../lib/gcc/arm-none-eabi/5.2.1/armv6-m\libgcc.a(_arm_cmpdf2.o)
 .ARM.attributes
                0x00000944       0x2c c:/nxp/lpcxpresso_8.1.4_606/lpcxpresso/tools/bin/../lib/gcc/arm-none-eabi/5.2.1/armv6-m\libgcc.a(_fixunsdfsi.o)
 .ARM.attributes
                0x00000970       0x2c c:/nxp/lpcxpresso_8.1.4_606/lpcxpresso/tools/bin/../lib/gcc/arm-none-eabi/5.2.1/armv6-m\libgcc.a(adddf3.o)
 .ARM.attributes
                0x0000099c       0x2c c:/nxp/lpcxpresso_8.1.4_606/lpcxpresso/tools/bin/../lib/gcc/arm-none-eabi/5.2.1/armv6-m\libgcc.a(divdf3.o)
 .ARM.attributes
                0x000009c8       0x2c c:/nxp/lpcxpresso_8.1.4_606/lpcxpresso/tools/bin/../lib/gcc/arm-none-eabi/5.2.1/armv6-m\libgcc.a(eqdf2.o)
 .ARM.attributes
                0x000009f4       0x2c c:/nxp/lpcxpresso_8.1.4_606/lpcxpresso/tools/bin/../lib/gcc/arm-none-eabi/5.2.1/armv6-m\libgcc.a(gedf2.o)
 .ARM.attributes
                0x00000a20       0x2c c:/nxp/lpcxpresso_8.1.4_606/lpcxpresso/tools/bin/../lib/gcc/arm-none-eabi/5.2.1/armv6-m\libgcc.a(ledf2.o)
 .ARM.attributes
                0x00000a4c       0x2c c:/nxp/lpcxpresso_8.1.4_606/lpcxpresso/tools/bin/../lib/gcc/arm-none-eabi/5.2.1/armv6-m\libgcc.a(muldf3.o)
 .ARM.attributes
                0x00000a78       0x2c c:/nxp/lpcxpresso_8.1.4_606/lpcxpresso/tools/bin/../lib/gcc/arm-none-eabi/5.2.1/armv6-m\libgcc.a(subdf3.o)
 .ARM.attributes
                0x00000aa4       0x2c c:/nxp/lpcxpresso_8.1.4_606/lpcxpresso/tools/bin/../lib/gcc/arm-none-eabi/5.2.1/armv6-m\libgcc.a(fixdfsi.o)
 .ARM.attributes
                0x00000ad0       0x2c c:/nxp/lpcxpresso_8.1.4_606/lpcxpresso/tools/bin/../lib/gcc/arm-none-eabi/5.2.1/armv6-m\libgcc.a(floatsidf.o)
 .ARM.attributes
                0x00000afc       0x2c c:/nxp/lpcxpresso_8.1.4_606/lpcxpresso/tools/bin/../lib/gcc/arm-none-eabi/5.2.1/armv6-m\libgcc.a(floatunsidf.o)
 .ARM.attributes
                0x00000b28       0x2c c:/nxp/lpcxpresso_8.1.4_606/lpcxpresso/tools/bin/../lib/gcc/arm-none-eabi/5.2.1/../../../../arm-none-eabi/lib/armv6-m\libc.a(lib_a-errno.o)

.debug_frame    0x00000000     0x1cec
 .debug_frame   0x00000000       0x2c ./src/AutomaticAccidentDetectionReportingSystem.o
 .debug_frame   0x0000002c       0x50 ./src/Functions.o
 .debug_frame   0x0000007c      0x1e4 ./src/SIM808.o
 .debug_frame   0x00000260      0x118 ./src/cr_startup_lpc11xx.o
 .debug_frame   0x00000378       0x2c ./src/sysinit.o
 .debug_frame   0x000003a4      0x260 C:\Work\Licenta\git\AutomaticAccidentDetectionReportingSystem\nxp_lpcxpresso_11c24_board_lib\Debug\libnxp_lpcxpresso_11c24_board_lib.a(board.o)
 .debug_frame   0x00000604      0x128 C:\Work\Licenta\git\AutomaticAccidentDetectionReportingSystem\nxp_lpcxpresso_11c24_board_lib\Debug\libnxp_lpcxpresso_11c24_board_lib.a(board_sysinit.o)
 .debug_frame   0x0000072c       0x2c C:\Work\Licenta\git\AutomaticAccidentDetectionReportingSystem\lpc_chip_11cxx_lib\Debug\liblpc_chip_11cxx_lib.a(chip_11xx.o)
 .debug_frame   0x00000758      0x1c0 C:\Work\Licenta\git\AutomaticAccidentDetectionReportingSystem\lpc_chip_11cxx_lib\Debug\liblpc_chip_11cxx_lib.a(clock_11xx.o)
 .debug_frame   0x00000918      0x270 C:\Work\Licenta\git\AutomaticAccidentDetectionReportingSystem\lpc_chip_11cxx_lib\Debug\liblpc_chip_11cxx_lib.a(gpio_11xx_2.o)
 .debug_frame   0x00000b88      0x130 C:\Work\Licenta\git\AutomaticAccidentDetectionReportingSystem\lpc_chip_11cxx_lib\Debug\liblpc_chip_11cxx_lib.a(ring_buffer.o)
 .debug_frame   0x00000cb8       0x90 C:\Work\Licenta\git\AutomaticAccidentDetectionReportingSystem\lpc_chip_11cxx_lib\Debug\liblpc_chip_11cxx_lib.a(sysctl_11xx.o)
 .debug_frame   0x00000d48      0x370 C:\Work\Licenta\git\AutomaticAccidentDetectionReportingSystem\lpc_chip_11cxx_lib\Debug\liblpc_chip_11cxx_lib.a(uart_11xx.o)
 .debug_frame   0x000010b8       0x20 c:/nxp/lpcxpresso_8.1.4_606/lpcxpresso/tools/bin/../lib/gcc/arm-none-eabi/5.2.1/armv6-m\libgcc.a(_udivsi3.o)
 .debug_frame   0x000010d8       0x28 c:/nxp/lpcxpresso_8.1.4_606/lpcxpresso/tools/bin/../lib/gcc/arm-none-eabi/5.2.1/armv6-m\libgcc.a(_fixunssfsi.o)
 .debug_frame   0x00001100       0x2c c:/nxp/lpcxpresso_8.1.4_606/lpcxpresso/tools/bin/../lib/gcc/arm-none-eabi/5.2.1/armv6-m\libgcc.a(eqsf2.o)
 .debug_frame   0x0000112c       0x30 c:/nxp/lpcxpresso_8.1.4_606/lpcxpresso/tools/bin/../lib/gcc/arm-none-eabi/5.2.1/armv6-m\libgcc.a(gesf2.o)
 .debug_frame   0x0000115c       0x30 c:/nxp/lpcxpresso_8.1.4_606/lpcxpresso/tools/bin/../lib/gcc/arm-none-eabi/5.2.1/armv6-m\libgcc.a(lesf2.o)
 .debug_frame   0x0000118c       0x38 c:/nxp/lpcxpresso_8.1.4_606/lpcxpresso/tools/bin/../lib/gcc/arm-none-eabi/5.2.1/armv6-m\libgcc.a(mulsf3.o)
 .debug_frame   0x000011c4       0x30 c:/nxp/lpcxpresso_8.1.4_606/lpcxpresso/tools/bin/../lib/gcc/arm-none-eabi/5.2.1/armv6-m\libgcc.a(subsf3.o)
 .debug_frame   0x000011f4       0x20 c:/nxp/lpcxpresso_8.1.4_606/lpcxpresso/tools/bin/../lib/gcc/arm-none-eabi/5.2.1/armv6-m\libgcc.a(fixsfsi.o)
 .debug_frame   0x00001214       0x2c c:/nxp/lpcxpresso_8.1.4_606/lpcxpresso/tools/bin/../lib/gcc/arm-none-eabi/5.2.1/armv6-m\libgcc.a(floatunsisf.o)
 .debug_frame   0x00001240       0x2c c:/nxp/lpcxpresso_8.1.4_606/lpcxpresso/tools/bin/../lib/gcc/arm-none-eabi/5.2.1/armv6-m\libgcc.a(truncdfsf2.o)
 .debug_frame   0x0000126c       0x28 c:/nxp/lpcxpresso_8.1.4_606/lpcxpresso/tools/bin/../lib/gcc/arm-none-eabi/5.2.1/../../../../arm-none-eabi/lib/armv6-m\libc.a(lib_a-atof.o)
 .debug_frame   0x00001294       0x40 c:/nxp/lpcxpresso_8.1.4_606/lpcxpresso/tools/bin/../lib/gcc/arm-none-eabi/5.2.1/../../../../arm-none-eabi/lib/armv6-m\libc.a(lib_a-malloc.o)
 .debug_frame   0x000012d4       0x3c c:/nxp/lpcxpresso_8.1.4_606/lpcxpresso/tools/bin/../lib/gcc/arm-none-eabi/5.2.1/../../../../arm-none-eabi/lib/armv6-m\libc.a(lib_a-mallocr.o)
 .debug_frame   0x00001310       0x2c c:/nxp/lpcxpresso_8.1.4_606/lpcxpresso/tools/bin/../lib/gcc/arm-none-eabi/5.2.1/../../../../arm-none-eabi/lib/armv6-m\libc.a(lib_a-memcpy-stub.o)
 .debug_frame   0x0000133c       0x30 c:/nxp/lpcxpresso_8.1.4_606/lpcxpresso/tools/bin/../lib/gcc/arm-none-eabi/5.2.1/../../../../arm-none-eabi/lib/armv6-m\libc.a(lib_a-mlock.o)
 .debug_frame   0x0000136c       0x28 c:/nxp/lpcxpresso_8.1.4_606/lpcxpresso/tools/bin/../lib/gcc/arm-none-eabi/5.2.1/../../../../arm-none-eabi/lib/armv6-m\libc.a(lib_a-realloc.o)
 .debug_frame   0x00001394       0x3c c:/nxp/lpcxpresso_8.1.4_606/lpcxpresso/tools/bin/../lib/gcc/arm-none-eabi/5.2.1/../../../../arm-none-eabi/lib/armv6-m\libc.a(lib_a-reallocr.o)
 .debug_frame   0x000013d0       0x2c c:/nxp/lpcxpresso_8.1.4_606/lpcxpresso/tools/bin/../lib/gcc/arm-none-eabi/5.2.1/../../../../arm-none-eabi/lib/armv6-m\libc.a(lib_a-sbrkr.o)
 .debug_frame   0x000013fc       0x8c c:/nxp/lpcxpresso_8.1.4_606/lpcxpresso/tools/bin/../lib/gcc/arm-none-eabi/5.2.1/../../../../arm-none-eabi/lib/armv6-m\libc.a(lib_a-strtod.o)
 .debug_frame   0x00001488       0x28 c:/nxp/lpcxpresso_8.1.4_606/lpcxpresso/tools/bin/../lib/gcc/arm-none-eabi/5.2.1/../../../../arm-none-eabi/lib/armv6-m\libc.a(lib_a-strtok.o)
 .debug_frame   0x000014b0       0x48 c:/nxp/lpcxpresso_8.1.4_606/lpcxpresso/tools/bin/../lib/gcc/arm-none-eabi/5.2.1/../../../../arm-none-eabi/lib/armv6-m\libc.a(lib_a-strtok_r.o)
 .debug_frame   0x000014f8       0x54 c:/nxp/lpcxpresso_8.1.4_606/lpcxpresso/tools/bin/../lib/gcc/arm-none-eabi/5.2.1/../../../../arm-none-eabi/lib/armv6-m\libc.a(lib_a-freer.o)
 .debug_frame   0x0000154c       0x60 c:/nxp/lpcxpresso_8.1.4_606/lpcxpresso/tools/bin/../lib/gcc/arm-none-eabi/5.2.1/../../../../arm-none-eabi/lib/armv6-m\libc.a(lib_a-gdtoa-gethex.o)
 .debug_frame   0x000015ac       0x58 c:/nxp/lpcxpresso_8.1.4_606/lpcxpresso/tools/bin/../lib/gcc/arm-none-eabi/5.2.1/../../../../arm-none-eabi/lib/armv6-m\libc.a(lib_a-gdtoa-hexnan.o)
 .debug_frame   0x00001604       0xa4 c:/nxp/lpcxpresso_8.1.4_606/lpcxpresso/tools/bin/../lib/gcc/arm-none-eabi/5.2.1/../../../../arm-none-eabi/lib/armv6-m\libc.a(lib_a-locale.o)
 .debug_frame   0x000016a8       0x2c c:/nxp/lpcxpresso_8.1.4_606/lpcxpresso/tools/bin/../lib/gcc/arm-none-eabi/5.2.1/../../../../arm-none-eabi/lib/armv6-m\libc.a(lib_a-memmove.o)
 .debug_frame   0x000016d4      0x258 c:/nxp/lpcxpresso_8.1.4_606/lpcxpresso/tools/bin/../lib/gcc/arm-none-eabi/5.2.1/../../../../arm-none-eabi/lib/armv6-m\libc.a(lib_a-mprec.o)
 .debug_frame   0x0000192c       0x48 c:/nxp/lpcxpresso_8.1.4_606/lpcxpresso/tools/bin/../lib/gcc/arm-none-eabi/5.2.1/../../../../arm-none-eabi/lib/armv6-m\libc.a(lib_a-reent.o)
 .debug_frame   0x00001974       0x28 c:/nxp/lpcxpresso_8.1.4_606/lpcxpresso/tools/bin/../lib/gcc/arm-none-eabi/5.2.1/../../../../arm-none-eabi/lib/armv6-m\libc.a(lib_a-strlen-stub.o)
 .debug_frame   0x0000199c       0x2c c:/nxp/lpcxpresso_8.1.4_606/lpcxpresso/tools/bin/../lib/gcc/arm-none-eabi/5.2.1/../../../../arm-none-eabi/lib/armv6-m\libc.a(lib_a-strncmp.o)
 .debug_frame   0x000019c8       0x28 c:/nxp/lpcxpresso_8.1.4_606/lpcxpresso/tools/bin/../lib/gcc/arm-none-eabi/5.2.1/../../../../arm-none-eabi/lib/armv6-m\libc.a(lib_a-callocr.o)
 .debug_frame   0x000019f0       0x2c c:/nxp/lpcxpresso_8.1.4_606/lpcxpresso/tools/bin/../lib/gcc/arm-none-eabi/5.2.1/../../../../arm-none-eabi/lib/armv6-m\libc.a(lib_a-memset.o)
 .debug_frame   0x00001a1c       0x2c c:/nxp/lpcxpresso_8.1.4_606/lpcxpresso/tools/bin/../lib/gcc/arm-none-eabi/5.2.1/../../../../arm-none-eabi/lib/armv6-m\libcr_newlib_nohost.a(_cr_sbrk.o)
 .debug_frame   0x00001a48       0x20 c:/nxp/lpcxpresso_8.1.4_606/lpcxpresso/tools/bin/../lib/gcc/arm-none-eabi/5.2.1/../../../../arm-none-eabi/lib/armv6-m\libcr_newlib_nohost.a(_cr_check_heap.o)
 .debug_frame   0x00001a68       0x20 c:/nxp/lpcxpresso_8.1.4_606/lpcxpresso/tools/bin/../lib/gcc/arm-none-eabi/5.2.1/armv6-m\libgcc.a(_divsi3.o)
 .debug_frame   0x00001a88       0x2c c:/nxp/lpcxpresso_8.1.4_606/lpcxpresso/tools/bin/../lib/gcc/arm-none-eabi/5.2.1/armv6-m\libgcc.a(_fixunsdfsi.o)
 .debug_frame   0x00001ab4       0x3c c:/nxp/lpcxpresso_8.1.4_606/lpcxpresso/tools/bin/../lib/gcc/arm-none-eabi/5.2.1/armv6-m\libgcc.a(adddf3.o)
 .debug_frame   0x00001af0       0x3c c:/nxp/lpcxpresso_8.1.4_606/lpcxpresso/tools/bin/../lib/gcc/arm-none-eabi/5.2.1/armv6-m\libgcc.a(divdf3.o)
 .debug_frame   0x00001b2c       0x38 c:/nxp/lpcxpresso_8.1.4_606/lpcxpresso/tools/bin/../lib/gcc/arm-none-eabi/5.2.1/armv6-m\libgcc.a(eqdf2.o)
 .debug_frame   0x00001b64       0x38 c:/nxp/lpcxpresso_8.1.4_606/lpcxpresso/tools/bin/../lib/gcc/arm-none-eabi/5.2.1/armv6-m\libgcc.a(gedf2.o)
 .debug_frame   0x00001b9c       0x38 c:/nxp/lpcxpresso_8.1.4_606/lpcxpresso/tools/bin/../lib/gcc/arm-none-eabi/5.2.1/armv6-m\libgcc.a(ledf2.o)
 .debug_frame   0x00001bd4       0x3c c:/nxp/lpcxpresso_8.1.4_606/lpcxpresso/tools/bin/../lib/gcc/arm-none-eabi/5.2.1/armv6-m\libgcc.a(muldf3.o)
 .debug_frame   0x00001c10       0x38 c:/nxp/lpcxpresso_8.1.4_606/lpcxpresso/tools/bin/../lib/gcc/arm-none-eabi/5.2.1/armv6-m\libgcc.a(subdf3.o)
 .debug_frame   0x00001c48       0x2c c:/nxp/lpcxpresso_8.1.4_606/lpcxpresso/tools/bin/../lib/gcc/arm-none-eabi/5.2.1/armv6-m\libgcc.a(fixdfsi.o)
 .debug_frame   0x00001c74       0x2c c:/nxp/lpcxpresso_8.1.4_606/lpcxpresso/tools/bin/../lib/gcc/arm-none-eabi/5.2.1/armv6-m\libgcc.a(floatsidf.o)
 .debug_frame   0x00001ca0       0x2c c:/nxp/lpcxpresso_8.1.4_606/lpcxpresso/tools/bin/../lib/gcc/arm-none-eabi/5.2.1/armv6-m\libgcc.a(floatunsidf.o)
 .debug_frame   0x00001ccc       0x20 c:/nxp/lpcxpresso_8.1.4_606/lpcxpresso/tools/bin/../lib/gcc/arm-none-eabi/5.2.1/../../../../arm-none-eabi/lib/armv6-m\libc.a(lib_a-errno.o)

.debug_loc      0x00000000       0x7b
 .debug_loc     0x00000000       0x5d c:/nxp/lpcxpresso_8.1.4_606/lpcxpresso/tools/bin/../lib/gcc/arm-none-eabi/5.2.1/../../../../arm-none-eabi/lib/armv6-m\libcr_newlib_nohost.a(_cr_sbrk.o)
 .debug_loc     0x0000005d       0x1e c:/nxp/lpcxpresso_8.1.4_606/lpcxpresso/tools/bin/../lib/gcc/arm-none-eabi/5.2.1/../../../../arm-none-eabi/lib/armv6-m\libcr_newlib_nohost.a(_cr_check_heap.o)