Archive member included to satisfy reference by file (symbol)

C:\Users\rosian.rad\Documents\LPCXpresso_8.1.4_606\workspace\nxp_lpcxpresso_11c24_board_lib\Debug\libnxp_lpcxpresso_11c24_board_lib.a(board.o)
                              ./src/AutomaticAccidentDetectionReportingSystem.o (Board_Init)
C:\Users\rosian.rad\Documents\LPCXpresso_8.1.4_606\workspace\nxp_lpcxpresso_11c24_board_lib\Debug\libnxp_lpcxpresso_11c24_board_lib.a(board_sysinit.o)
                              ./src/sysinit.o (Board_SystemInit)
C:\Users\rosian.rad\Documents\LPCXpresso_8.1.4_606\workspace\lpc_chip_11cxx_lib\Debug\liblpc_chip_11cxx_lib.a(chip_11xx.o)
                              ./src/AutomaticAccidentDetectionReportingSystem.o (SystemCoreClockUpdate)
C:\Users\rosian.rad\Documents\LPCXpresso_8.1.4_606\workspace\lpc_chip_11cxx_lib\Debug\liblpc_chip_11cxx_lib.a(clock_11xx.o)
                              C:\Users\rosian.rad\Documents\LPCXpresso_8.1.4_606\workspace\nxp_lpcxpresso_11c24_board_lib\Debug\libnxp_lpcxpresso_11c24_board_lib.a(board_sysinit.o) (Chip_Clock_SetSystemPLLSource)
C:\Users\rosian.rad\Documents\LPCXpresso_8.1.4_606\workspace\lpc_chip_11cxx_lib\Debug\liblpc_chip_11cxx_lib.a(gpio_11xx_2.o)
                              C:\Users\rosian.rad\Documents\LPCXpresso_8.1.4_606\workspace\nxp_lpcxpresso_11c24_board_lib\Debug\libnxp_lpcxpresso_11c24_board_lib.a(board.o) (Chip_GPIO_Init)
C:\Users\rosian.rad\Documents\LPCXpresso_8.1.4_606\workspace\lpc_chip_11cxx_lib\Debug\liblpc_chip_11cxx_lib.a(ssp_11xx.o)
                              ./src/AutomaticAccidentDetectionReportingSystem.o (Chip_SSP_WriteFrames_Blocking)
C:\Users\rosian.rad\Documents\LPCXpresso_8.1.4_606\workspace\lpc_chip_11cxx_lib\Debug\liblpc_chip_11cxx_lib.a(sysctl_11xx.o)
                              C:\Users\rosian.rad\Documents\LPCXpresso_8.1.4_606\workspace\nxp_lpcxpresso_11c24_board_lib\Debug\libnxp_lpcxpresso_11c24_board_lib.a(board_sysinit.o) (Chip_SYSCTL_PowerDown)
C:\Users\rosian.rad\Documents\LPCXpresso_8.1.4_606\workspace\lpc_chip_11cxx_lib\Debug\liblpc_chip_11cxx_lib.a(uart_11xx.o)
                              C:\Users\rosian.rad\Documents\LPCXpresso_8.1.4_606\workspace\nxp_lpcxpresso_11c24_board_lib\Debug\libnxp_lpcxpresso_11c24_board_lib.a(board.o) (Chip_UART_Init)
C:\Users\rosian.rad\Documents\LPCXpresso_8.1.4_606\workspace\lpc_chip_11cxx_lib\Debug\liblpc_chip_11cxx_lib.a(ring_buffer.o)
                              C:\Users\rosian.rad\Documents\LPCXpresso_8.1.4_606\workspace\lpc_chip_11cxx_lib\Debug\liblpc_chip_11cxx_lib.a(uart_11xx.o) (RingBuffer_Insert)
c:/nxp/lpcxpresso_8.1.4_606/lpcxpresso/tools/bin/../lib/gcc/arm-none-eabi/5.2.1/../../../../arm-none-eabi/lib/armv6-m\libcr_c.a(memcpy.o)
                              C:\Users\rosian.rad\Documents\LPCXpresso_8.1.4_606\workspace\lpc_chip_11cxx_lib\Debug\liblpc_chip_11cxx_lib.a(ring_buffer.o) (memcpy)
c:/nxp/lpcxpresso_8.1.4_606/lpcxpresso/tools/bin/../lib/gcc/arm-none-eabi/5.2.1/../../../../arm-none-eabi/lib/armv6-m\libcr_c.a(__weak__main.o)
                              ./src/cr_startup_lpc11xx.o (__main)
c:/nxp/lpcxpresso_8.1.4_606/lpcxpresso/tools/bin/../lib/gcc/arm-none-eabi/5.2.1/armv6-m\libcr_eabihelpers.a(division_32.o)
                              C:\Users\rosian.rad\Documents\LPCXpresso_8.1.4_606\workspace\lpc_chip_11cxx_lib\Debug\liblpc_chip_11cxx_lib.a(clock_11xx.o) (__aeabi_uidiv)
c:/nxp/lpcxpresso_8.1.4_606/lpcxpresso/tools/bin/../lib/gcc/arm-none-eabi/5.2.1/armv6-m\libcr_eabihelpers.a(division_idiv0.o)
                              c:/nxp/lpcxpresso_8.1.4_606/lpcxpresso/tools/bin/../lib/gcc/arm-none-eabi/5.2.1/armv6-m\libcr_eabihelpers.a(division_32.o) (__aeabi_idiv0)
c:/nxp/lpcxpresso_8.1.4_606/lpcxpresso/tools/bin/../lib/gcc/arm-none-eabi/5.2.1/armv6-m\libcr_eabihelpers.a(float.o)
                              ./src/AutomaticAccidentDetectionReportingSystem.o (__aeabi_fmul)
c:/nxp/lpcxpresso_8.1.4_606/lpcxpresso/tools/bin/../lib/gcc/arm-none-eabi/5.2.1/armv6-m\libcr_eabihelpers.a(llong.o)
                              c:/nxp/lpcxpresso_8.1.4_606/lpcxpresso/tools/bin/../lib/gcc/arm-none-eabi/5.2.1/armv6-m\libcr_eabihelpers.a(float.o) (__aeabi_lmul)
c:/nxp/lpcxpresso_8.1.4_606/lpcxpresso/tools/bin/../lib/gcc/arm-none-eabi/5.2.1/armv6-m\libcr_eabihelpers.a(memcpy.o)
                              c:/nxp/lpcxpresso_8.1.4_606/lpcxpresso/tools/bin/../lib/gcc/arm-none-eabi/5.2.1/../../../../arm-none-eabi/lib/armv6-m\libcr_c.a(memcpy.o) (__aeabi_memcpy)

Allocating common symbols
Common symbol       size              file

SystemCoreClock     0x4               C:\Users\rosian.rad\Documents\LPCXpresso_8.1.4_606\workspace\lpc_chip_11cxx_lib\Debug\liblpc_chip_11cxx_lib.a(chip_11xx.o)

Discarded input sections

 .group         0x00000000        0x8 ./src/AutomaticAccidentDetectionReportingSystem.o
 .group         0x00000000        0x8 ./src/AutomaticAccidentDetectionReportingSystem.o
 .group         0x00000000        0x8 ./src/AutomaticAccidentDetectionReportingSystem.o
[...]
Memory Configuration

Name             Origin             Length             Attributes
MFlash64         0x00000000         0x00010000         xr
RamLoc8          0x10000000         0x00002000         xrw
*default*        0x00000000         0xffffffff

Linker script and memory map

LOAD ./src/AutomaticAccidentDetectionReportingSystem.o
LOAD ./src/cr_startup_lpc11xx.o
LOAD ./src/crp.o
LOAD ./src/sysinit.o
LOAD C:\Users\rosian.rad\Documents\LPCXpresso_8.1.4_606\workspace\nxp_lpcxpresso_11c24_board_lib\Debug\libnxp_lpcxpresso_11c24_board_lib.a
LOAD C:\Users\rosian.rad\Documents\LPCXpresso_8.1.4_606\workspace\lpc_chip_11cxx_lib\Debug\liblpc_chip_11cxx_lib.a
START GROUP
LOAD c:/nxp/lpcxpresso_8.1.4_606/lpcxpresso/tools/bin/../lib/gcc/arm-none-eabi/5.2.1/../../../../arm-none-eabi/lib/armv6-m\libcr_c.a
LOAD c:/nxp/lpcxpresso_8.1.4_606/lpcxpresso/tools/bin/../lib/gcc/arm-none-eabi/5.2.1/armv6-m\libcr_eabihelpers.a
END GROUP
                0x00000000                __base_MFlash64 = 0x0
                0x00000000                __base_Flash = 0x0
                0x00010000                __top_MFlash64 = 0x10000
                0x00010000                __top_Flash = 0x10000
                0x10000000                __base_RamLoc8 = 0x10000000
                0x10000000                __base_RAM = 0x10000000
                0x10002000                __top_RamLoc8 = 0x10002000
                0x10002000                __top_RAM = 0x10002000

.text           0x00000000     0x1584
 FILL mask 0xff
                0x00000000                __vectors_start__ = ABSOLUTE (.)
 *(.isr_vector)
 .isr_vector    0x00000000       0xc0 ./src/cr_startup_lpc11xx.o
                0x00000000                g_pfnVectors
                0x000000c0                . = ALIGN (0x4)
                0x000000c0                __section_table_start = .
                0x000000c0                __data_section_table = .
                0x000000c0        0x4 LONG 0x1584 LOADADDR (.data)
                0x000000c4        0x4 LONG 0x10000000 ADDR (.data)
                0x000000c8        0x4 LONG 0x0 SIZEOF (.data)
                0x000000cc                __data_section_table_end = .
                0x000000cc                __bss_section_table = .
                0x000000cc        0x4 LONG 0x10000000 ADDR (.bss)
                0x000000d0        0x4 LONG 0x14 SIZEOF (.bss)
                0x000000d4                __bss_section_table_end = .
                0x000000d4                __section_table_end = .
 *(.after_vectors*)
 .after_vectors
                0x000000d4      0x124 ./src/cr_startup_lpc11xx.o
                0x000000d4                data_init
                0x00000114                bss_init
                0x00000148                ResetISR
                0x000001c8                NMI_Handler
                0x000001d0                HardFault_Handler
                0x000001d8                SVC_Handler
                0x000001e0                PendSV_Handler
                0x000001e8                SysTick_Handler
                0x000001f0                TIMER32_1_IRQHandler
                0x000001f0                IntDefaultHandler
                0x000001f0                PIOINT1_IRQHandler
                0x000001f0                CAN_IRQHandler
                0x000001f0                TIMER32_0_IRQHandler
                0x000001f0                UART_IRQHandler
                0x000001f0                TIMER16_1_IRQHandler
                0x000001f0                ADC_IRQHandler
                0x000001f0                SSP1_IRQHandler
                0x000001f0                PIOINT2_IRQHandler
                0x000001f0                BOD_IRQHandler
                0x000001f0                WAKEUP_IRQHandler
                0x000001f0                PIOINT0_IRQHandler
                0x000001f0                I2C_IRQHandler
                0x000001f0                WDT_IRQHandler
                0x000001f0                TIMER16_0_IRQHandler
                0x000001f0                SSP0_IRQHandler
                0x000001f0                PIOINT3_IRQHandler
                0x000002fc                . = 0x2fc
 *fill*         0x000001f8      0x104 ff
                0x000002fc                PROVIDE (__CRP_WORD_START__, .)
 *(.crp)
 .crp           0x000002fc        0x4 ./src/crp.o
                0x000002fc                CRP_WORD
                0x00000300                PROVIDE (__CRP_WORD_END__, .)
                0x00000001                ASSERT (! ((__CRP_WORD_START__ == __CRP_WORD_END__)), Linker CRP Enabled, but no CRP_WORD provided within application)
 *(.text*)
 .text.Chip_IOCON_PinMuxSet
                0x00000300       0x28 ./src/AutomaticAccidentDetectionReportingSystem.o
 .text.Chip_IOCON_PinLocSel
                0x00000328       0x30 ./src/AutomaticAccidentDetectionReportingSystem.o
 .text.Chip_SSP_Enable
                0x00000358       0x1c ./src/AutomaticAccidentDetectionReportingSystem.o
 .text.Chip_SSP_GetStatus
                0x00000374       0x28 ./src/AutomaticAccidentDetectionReportingSystem.o
 .text.Chip_SSP_ReceiveFrame
                0x0000039c       0x18 ./src/AutomaticAccidentDetectionReportingSystem.o
 .text.Chip_SSP_SendFrame
                0x000003b4       0x20 ./src/AutomaticAccidentDetectionReportingSystem.o
 .text.Chip_SSP_SetFormat
                0x000003d4       0x30 ./src/AutomaticAccidentDetectionReportingSystem.o
 .text.Init_SSP_PinMux
                0x00000404       0x48 ./src/AutomaticAccidentDetectionReportingSystem.o
                0x00000404                Init_SSP_PinMux
 .text.ADXL345_init
                0x0000044c       0x8c ./src/AutomaticAccidentDetectionReportingSystem.o
                0x0000044c                ADXL345_init
 .text.ADXL345_WriteReg
                0x000004d8       0xc8 ./src/AutomaticAccidentDetectionReportingSystem.o
                0x000004d8                ADXL345_WriteReg
 .text.ADXL345_ReadReg
                0x000005a0       0x6c ./src/AutomaticAccidentDetectionReportingSystem.o
                0x000005a0                ADXL345_ReadReg
 .text.ADXL345_ReadData
                0x0000060c       0xa0 ./src/AutomaticAccidentDetectionReportingSystem.o
                0x0000060c                ADXL345_ReadData
 .text.main     0x000006ac       0x60 ./src/AutomaticAccidentDetectionReportingSystem.o
                0x000006ac                main
 .text.SystemInit
                0x0000070c       0x10 ./src/sysinit.o
                0x0000070c                SystemInit
 .text.Chip_GPIO_SetPinDIROutput
                0x0000071c       0x4c C:\Users\rosian.rad\Documents\LPCXpresso_8.1.4_606\workspace\nxp_lpcxpresso_11c24_board_lib\Debug\libnxp_lpcxpresso_11c24_board_lib.a(board.o)
 .text.Board_LED_Init
                0x00000768       0x18 C:\Users\rosian.rad\Documents\LPCXpresso_8.1.4_606\workspace\nxp_lpcxpresso_11c24_board_lib\Debug\libnxp_lpcxpresso_11c24_board_lib.a(board.o)
 .text.Board_Init
                0x00000780       0x18 C:\Users\rosian.rad\Documents\LPCXpresso_8.1.4_606\workspace\nxp_lpcxpresso_11c24_board_lib\Debug\libnxp_lpcxpresso_11c24_board_lib.a(board.o)
                0x00000780                Board_Init
 .text.Chip_FMC_SetFLASHAccess
                0x00000798       0x30 C:\Users\rosian.rad\Documents\LPCXpresso_8.1.4_606\workspace\nxp_lpcxpresso_11c24_board_lib\Debug\libnxp_lpcxpresso_11c24_board_lib.a(board_sysinit.o)
 .text.Chip_Clock_SetupSystemPLL
                0x000007c8       0x38 C:\Users\rosian.rad\Documents\LPCXpresso_8.1.4_606\workspace\nxp_lpcxpresso_11c24_board_lib\Debug\libnxp_lpcxpresso_11c24_board_lib.a(board_sysinit.o)
 .text.Chip_Clock_IsSystemPLLLocked
                0x00000800       0x1c C:\Users\rosian.rad\Documents\LPCXpresso_8.1.4_606\workspace\nxp_lpcxpresso_11c24_board_lib\Debug\libnxp_lpcxpresso_11c24_board_lib.a(board_sysinit.o)
 .text.Chip_Clock_SetSysClockDiv
                0x0000081c       0x1c C:\Users\rosian.rad\Documents\LPCXpresso_8.1.4_606\workspace\nxp_lpcxpresso_11c24_board_lib\Debug\libnxp_lpcxpresso_11c24_board_lib.a(board_sysinit.o)
 .text.Chip_Clock_EnablePeriphClock
                0x00000838       0x30 C:\Users\rosian.rad\Documents\LPCXpresso_8.1.4_606\workspace\nxp_lpcxpresso_11c24_board_lib\Debug\libnxp_lpcxpresso_11c24_board_lib.a(board_sysinit.o)
 .text.Chip_IOCON_PinMuxSet
                0x00000868       0x28 C:\Users\rosian.rad\Documents\LPCXpresso_8.1.4_606\workspace\nxp_lpcxpresso_11c24_board_lib\Debug\libnxp_lpcxpresso_11c24_board_lib.a(board_sysinit.o)
 .text.SystemSetupClocking
                0x00000890       0x68 C:\Users\rosian.rad\Documents\LPCXpresso_8.1.4_606\workspace\nxp_lpcxpresso_11c24_board_lib\Debug\libnxp_lpcxpresso_11c24_board_lib.a(board_sysinit.o)
 .text.SystemSetupMuxing
                0x000008f8       0x4c C:\Users\rosian.rad\Documents\LPCXpresso_8.1.4_606\workspace\nxp_lpcxpresso_11c24_board_lib\Debug\libnxp_lpcxpresso_11c24_board_lib.a(board_sysinit.o)
 .text.Board_SystemInit
                0x00000944       0x14 C:\Users\rosian.rad\Documents\LPCXpresso_8.1.4_606\workspace\nxp_lpcxpresso_11c24_board_lib\Debug\libnxp_lpcxpresso_11c24_board_lib.a(board_sysinit.o)
                0x00000944                Board_SystemInit
 .text.SystemCoreClockUpdate
                0x00000958       0x18 C:\Users\rosian.rad\Documents\LPCXpresso_8.1.4_606\workspace\lpc_chip_11cxx_lib\Debug\liblpc_chip_11cxx_lib.a(chip_11xx.o)
                0x00000958                SystemCoreClockUpdate
 .text.Chip_Clock_GetMainOscRate
                0x00000970       0x14 C:\Users\rosian.rad\Documents\LPCXpresso_8.1.4_606\workspace\lpc_chip_11cxx_lib\Debug\liblpc_chip_11cxx_lib.a(clock_11xx.o)
 .text.Chip_Clock_GetIntOscRate
                0x00000984       0x10 C:\Users\rosian.rad\Documents\LPCXpresso_8.1.4_606\workspace\lpc_chip_11cxx_lib\Debug\liblpc_chip_11cxx_lib.a(clock_11xx.o)
 .text.Chip_Clock_GetWDTLFORate
                0x00000994       0x48 C:\Users\rosian.rad\Documents\LPCXpresso_8.1.4_606\workspace\lpc_chip_11cxx_lib\Debug\liblpc_chip_11cxx_lib.a(clock_11xx.o)
 .text.Chip_Clock_GetPLLFreq
                0x000009dc       0x24 C:\Users\rosian.rad\Documents\LPCXpresso_8.1.4_606\workspace\lpc_chip_11cxx_lib\Debug\liblpc_chip_11cxx_lib.a(clock_11xx.o)
 .text.Chip_Clock_SetSystemPLLSource
                0x00000a00       0x2c C:\Users\rosian.rad\Documents\LPCXpresso_8.1.4_606\workspace\lpc_chip_11cxx_lib\Debug\liblpc_chip_11cxx_lib.a(clock_11xx.o)
                0x00000a00                Chip_Clock_SetSystemPLLSource
 .text.Chip_Clock_SetMainClockSource
                0x00000a2c       0x2c C:\Users\rosian.rad\Documents\LPCXpresso_8.1.4_606\workspace\lpc_chip_11cxx_lib\Debug\liblpc_chip_11cxx_lib.a(clock_11xx.o)
                0x00000a2c                Chip_Clock_SetMainClockSource
 .text.Chip_Clock_GetWDTOSCRate
                0x00000a58       0x1c C:\Users\rosian.rad\Documents\LPCXpresso_8.1.4_606\workspace\lpc_chip_11cxx_lib\Debug\liblpc_chip_11cxx_lib.a(clock_11xx.o)
                0x00000a58                Chip_Clock_GetWDTOSCRate
 .text.Chip_Clock_GetSystemPLLInClockRate
                0x00000a74       0x40 C:\Users\rosian.rad\Documents\LPCXpresso_8.1.4_606\workspace\lpc_chip_11cxx_lib\Debug\liblpc_chip_11cxx_lib.a(clock_11xx.o)
                0x00000a74                Chip_Clock_GetSystemPLLInClockRate
 .text.Chip_Clock_GetSystemPLLOutClockRate
                0x00000ab4       0x24 C:\Users\rosian.rad\Documents\LPCXpresso_8.1.4_606\workspace\lpc_chip_11cxx_lib\Debug\liblpc_chip_11cxx_lib.a(clock_11xx.o)
                0x00000ab4                Chip_Clock_GetSystemPLLOutClockRate
 .text.Chip_Clock_GetMainClockRate
                0x00000ad8       0x60 C:\Users\rosian.rad\Documents\LPCXpresso_8.1.4_606\workspace\lpc_chip_11cxx_lib\Debug\liblpc_chip_11cxx_lib.a(clock_11xx.o)
                0x00000ad8                Chip_Clock_GetMainClockRate
 .text.Chip_Clock_GetSystemClockRate
                0x00000b38       0x24 C:\Users\rosian.rad\Documents\LPCXpresso_8.1.4_606\workspace\lpc_chip_11cxx_lib\Debug\liblpc_chip_11cxx_lib.a(clock_11xx.o)
                0x00000b38                Chip_Clock_GetSystemClockRate
 .text.Chip_Clock_EnablePeriphClock
                0x00000b5c       0x30 C:\Users\rosian.rad\Documents\LPCXpresso_8.1.4_606\workspace\lpc_chip_11cxx_lib\Debug\liblpc_chip_11cxx_lib.a(gpio_11xx_2.o)
 .text.Chip_GPIO_Init
                0x00000b8c       0x18 C:\Users\rosian.rad\Documents\LPCXpresso_8.1.4_606\workspace\lpc_chip_11cxx_lib\Debug\liblpc_chip_11cxx_lib.a(gpio_11xx_2.o)
                0x00000b8c                Chip_GPIO_Init
 .text.Chip_SYSCTL_AssertPeriphReset
                0x00000ba4       0x30 C:\Users\rosian.rad\Documents\LPCXpresso_8.1.4_606\workspace\lpc_chip_11cxx_lib\Debug\liblpc_chip_11cxx_lib.a(ssp_11xx.o)
 .text.Chip_SYSCTL_DeassertPeriphReset
                0x00000bd4       0x2c C:\Users\rosian.rad\Documents\LPCXpresso_8.1.4_606\workspace\lpc_chip_11cxx_lib\Debug\liblpc_chip_11cxx_lib.a(ssp_11xx.o)
 .text.Chip_SYSCTL_PeriphReset
                0x00000c00       0x28 C:\Users\rosian.rad\Documents\LPCXpresso_8.1.4_606\workspace\lpc_chip_11cxx_lib\Debug\liblpc_chip_11cxx_lib.a(ssp_11xx.o)
 .text.Chip_Clock_EnablePeriphClock
                0x00000c28       0x30 C:\Users\rosian.rad\Documents\LPCXpresso_8.1.4_606\workspace\lpc_chip_11cxx_lib\Debug\liblpc_chip_11cxx_lib.a(ssp_11xx.o)
 .text.Chip_Clock_SetSSP0ClockDiv
                0x00000c58       0x1c C:\Users\rosian.rad\Documents\LPCXpresso_8.1.4_606\workspace\lpc_chip_11cxx_lib\Debug\liblpc_chip_11cxx_lib.a(ssp_11xx.o)
 .text.Chip_Clock_GetSSP0ClockDiv
                0x00000c74       0x14 C:\Users\rosian.rad\Documents\LPCXpresso_8.1.4_606\workspace\lpc_chip_11cxx_lib\Debug\liblpc_chip_11cxx_lib.a(ssp_11xx.o)
 .text.Chip_Clock_SetSSP1ClockDiv
                0x00000c88       0x1c C:\Users\rosian.rad\Documents\LPCXpresso_8.1.4_606\workspace\lpc_chip_11cxx_lib\Debug\liblpc_chip_11cxx_lib.a(ssp_11xx.o)
 .text.Chip_Clock_GetSSP1ClockDiv
                0x00000ca4       0x14 C:\Users\rosian.rad\Documents\LPCXpresso_8.1.4_606\workspace\lpc_chip_11cxx_lib\Debug\liblpc_chip_11cxx_lib.a(ssp_11xx.o)
 .text.Chip_SSP_GetStatus
                0x00000cb8       0x28 C:\Users\rosian.rad\Documents\LPCXpresso_8.1.4_606\workspace\lpc_chip_11cxx_lib\Debug\liblpc_chip_11cxx_lib.a(ssp_11xx.o)
 .text.Chip_SSP_GetRawIntStatus
                0x00000ce0       0x28 C:\Users\rosian.rad\Documents\LPCXpresso_8.1.4_606\workspace\lpc_chip_11cxx_lib\Debug\liblpc_chip_11cxx_lib.a(ssp_11xx.o)
 .text.Chip_SSP_GetDataSize
                0x00000d08       0x1c C:\Users\rosian.rad\Documents\LPCXpresso_8.1.4_606\workspace\lpc_chip_11cxx_lib\Debug\liblpc_chip_11cxx_lib.a(ssp_11xx.o)
 .text.Chip_SSP_ClearIntPending
                0x00000d24       0x20 C:\Users\rosian.rad\Documents\LPCXpresso_8.1.4_606\workspace\lpc_chip_11cxx_lib\Debug\liblpc_chip_11cxx_lib.a(ssp_11xx.o)
 .text.Chip_SSP_ReceiveFrame
                0x00000d44       0x18 C:\Users\rosian.rad\Documents\LPCXpresso_8.1.4_606\workspace\lpc_chip_11cxx_lib\Debug\liblpc_chip_11cxx_lib.a(ssp_11xx.o)
 .text.Chip_SSP_SendFrame
                0x00000d5c       0x20 C:\Users\rosian.rad\Documents\LPCXpresso_8.1.4_606\workspace\lpc_chip_11cxx_lib\Debug\liblpc_chip_11cxx_lib.a(ssp_11xx.o)
 .text.Chip_SSP_SetFormat
                0x00000d7c       0x30 C:\Users\rosian.rad\Documents\LPCXpresso_8.1.4_606\workspace\lpc_chip_11cxx_lib\Debug\liblpc_chip_11cxx_lib.a(ssp_11xx.o)
 .text.Chip_SSP_Set_Mode
                0x00000dac       0x24 C:\Users\rosian.rad\Documents\LPCXpresso_8.1.4_606\workspace\lpc_chip_11cxx_lib\Debug\liblpc_chip_11cxx_lib.a(ssp_11xx.o)
 .text.Chip_SSP_GetClockIndex
                0x00000dd0       0x34 C:\Users\rosian.rad\Documents\LPCXpresso_8.1.4_606\workspace\lpc_chip_11cxx_lib\Debug\liblpc_chip_11cxx_lib.a(ssp_11xx.o)
 .text.Chip_SSP_GetResetIndex
                0x00000e04       0x34 C:\Users\rosian.rad\Documents\LPCXpresso_8.1.4_606\workspace\lpc_chip_11cxx_lib\Debug\liblpc_chip_11cxx_lib.a(ssp_11xx.o)
 .text.Chip_SSP_SetSSPClkDivider
                0x00000e38       0x30 C:\Users\rosian.rad\Documents\LPCXpresso_8.1.4_606\workspace\lpc_chip_11cxx_lib\Debug\liblpc_chip_11cxx_lib.a(ssp_11xx.o)
 .text.Chip_SSP_GetPCLKkRate
                0x00000e68       0x4c C:\Users\rosian.rad\Documents\LPCXpresso_8.1.4_606\workspace\lpc_chip_11cxx_lib\Debug\liblpc_chip_11cxx_lib.a(ssp_11xx.o)
 .text.Chip_SSP_SetClockRate
                0x00000eb4       0x38 C:\Users\rosian.rad\Documents\LPCXpresso_8.1.4_606\workspace\lpc_chip_11cxx_lib\Debug\liblpc_chip_11cxx_lib.a(ssp_11xx.o)
                0x00000eb4                Chip_SSP_SetClockRate
 .text.Chip_SSP_WriteFrames_Blocking
                0x00000eec      0x150 C:\Users\rosian.rad\Documents\LPCXpresso_8.1.4_606\workspace\lpc_chip_11cxx_lib\Debug\liblpc_chip_11cxx_lib.a(ssp_11xx.o)
                0x00000eec                Chip_SSP_WriteFrames_Blocking
 .text.Chip_SSP_ReadFrames_Blocking
                0x0000103c      0x164 C:\Users\rosian.rad\Documents\LPCXpresso_8.1.4_606\workspace\lpc_chip_11cxx_lib\Debug\liblpc_chip_11cxx_lib.a(ssp_11xx.o)
                0x0000103c                Chip_SSP_ReadFrames_Blocking
 .text.Chip_SSP_SetMaster
                0x000011a0       0x34 C:\Users\rosian.rad\Documents\LPCXpresso_8.1.4_606\workspace\lpc_chip_11cxx_lib\Debug\liblpc_chip_11cxx_lib.a(ssp_11xx.o)
                0x000011a0                Chip_SSP_SetMaster
 .text.Chip_SSP_SetBitRate
                0x000011d4       0x74 C:\Users\rosian.rad\Documents\LPCXpresso_8.1.4_606\workspace\lpc_chip_11cxx_lib\Debug\liblpc_chip_11cxx_lib.a(ssp_11xx.o)
                0x000011d4                Chip_SSP_SetBitRate
 .text.Chip_SSP_Init
                0x00001248       0x60 C:\Users\rosian.rad\Documents\LPCXpresso_8.1.4_606\workspace\lpc_chip_11cxx_lib\Debug\liblpc_chip_11cxx_lib.a(ssp_11xx.o)
                0x00001248                Chip_SSP_Init
 .text.Chip_SYSCTL_PowerDown
                0x000012a8       0x40 C:\Users\rosian.rad\Documents\LPCXpresso_8.1.4_606\workspace\lpc_chip_11cxx_lib\Debug\liblpc_chip_11cxx_lib.a(sysctl_11xx.o)
                0x000012a8                Chip_SYSCTL_PowerDown
 .text.Chip_SYSCTL_PowerUp
                0x000012e8       0x40 C:\Users\rosian.rad\Documents\LPCXpresso_8.1.4_606\workspace\lpc_chip_11cxx_lib\Debug\liblpc_chip_11cxx_lib.a(sysctl_11xx.o)
                0x000012e8                Chip_SYSCTL_PowerUp
 .text.__weak_main
                0x00001328        0x8 c:/nxp/lpcxpresso_8.1.4_606/lpcxpresso/tools/bin/../lib/gcc/arm-none-eabi/5.2.1/../../../../arm-none-eabi/lib/armv6-m\libcr_c.a(__weak__main.o)
                0x00001328                __weak_main
                0x00001328                __main
 .text.__aeabi_division_idivmod
                0x00001330       0x78 c:/nxp/lpcxpresso_8.1.4_606/lpcxpresso/tools/bin/../lib/gcc/arm-none-eabi/5.2.1/armv6-m\libcr_eabihelpers.a(division_32.o)
                0x00001330                __aeabi_idivmod
                0x00001330                __aeabi_idiv
                0x00001336                __aeabi_uidivmod
                0x00001336                __aeabi_uidiv
 .text.__aeabi_division_idiv0
                0x000013a8        0x2 c:/nxp/lpcxpresso_8.1.4_606/lpcxpresso/tools/bin/../lib/gcc/arm-none-eabi/5.2.1/armv6-m\libcr_eabihelpers.a(division_idiv0.o)
                0x000013a8                __aeabi_idiv0
 *fill*         0x000013aa        0x2 ff
 .text.__aeabi_fmul
                0x000013ac       0xc4 c:/nxp/lpcxpresso_8.1.4_606/lpcxpresso/tools/bin/../lib/gcc/arm-none-eabi/5.2.1/armv6-m\libcr_eabihelpers.a(float.o)
                0x000013ac                __aeabi_fmul
 .text.__bhs_ui2f
                0x00001470       0x62 c:/nxp/lpcxpresso_8.1.4_606/lpcxpresso/tools/bin/../lib/gcc/arm-none-eabi/5.2.1/armv6-m\libcr_eabihelpers.a(float.o)
                0x00001470                __bhs_ui2f
 .text.__aeabi_i2f
                0x000014d2       0x16 c:/nxp/lpcxpresso_8.1.4_606/lpcxpresso/tools/bin/../lib/gcc/arm-none-eabi/5.2.1/armv6-m\libcr_eabihelpers.a(float.o)
                0x000014d2                __aeabi_i2f
 .text.__aeabi_llong_lmul
                0x000014e8       0x2e c:/nxp/lpcxpresso_8.1.4_606/lpcxpresso/tools/bin/../lib/gcc/arm-none-eabi/5.2.1/armv6-m\libcr_eabihelpers.a(llong.o)
                0x000014e8                __aeabi_lmul
 *(.rodata .rodata.* .constdata .constdata.*)
 *fill*         0x00001516        0x2 ff
 .rodata.OscRateIn
                0x00001518        0x4 C:\Users\rosian.rad\Documents\LPCXpresso_8.1.4_606\workspace\nxp_lpcxpresso_11c24_board_lib\Debug\libnxp_lpcxpresso_11c24_board_lib.a(board.o)
                0x00001518                OscRateIn
 .rodata.pinmuxing
                0x0000151c       0x28 C:\Users\rosian.rad\Documents\LPCXpresso_8.1.4_606\workspace\nxp_lpcxpresso_11c24_board_lib\Debug\libnxp_lpcxpresso_11c24_board_lib.a(board_sysinit.o)
 .rodata.wdtOSCRate
                0x00001544       0x40 C:\Users\rosian.rad\Documents\LPCXpresso_8.1.4_606\workspace\lpc_chip_11cxx_lib\Debug\liblpc_chip_11cxx_lib.a(clock_11xx.o)
                0x00001584                . = ALIGN (0x4)

.glue_7         0x00001584        0x0
 .glue_7        0x00001584        0x0 linker stubs

.glue_7t        0x00001584        0x0
 .glue_7t       0x00001584        0x0 linker stubs

.vfp11_veneer   0x00001584        0x0
 .vfp11_veneer  0x00001584        0x0 linker stubs

.v4_bx          0x00001584        0x0
 .v4_bx         0x00001584        0x0 linker stubs

.iplt           0x00001584        0x0
 .iplt          0x00001584        0x0 ./src/AutomaticAccidentDetectionReportingSystem.o

.rel.dyn        0x00001584        0x0
 .rel.iplt      0x00001584        0x0 ./src/AutomaticAccidentDetectionReportingSystem.o

.ARM.extab
 *(.ARM.extab* .gnu.linkonce.armextab.*)
                0x00001584                __exidx_start = .

.ARM.exidx
 *(.ARM.exidx* .gnu.linkonce.armexidx.*)
                0x00001584                __exidx_end = .
                0x00001584                _etext = .

.uninit_RESERVED
                0x10000000        0x0
 *(.bss.$RESERVED*)
                0x10000000                . = ALIGN (0x4)
                0x10000000                _end_uninit_RESERVED = .

.data           0x10000000        0x0 load address 0x00001584
 FILL mask 0xff
                0x10000000                _data = .
 *(vtable)
 *(.ramfunc*)
 *(.data*)
                0x10000000                . = ALIGN (0x4)
                0x10000000                _edata = .

.igot.plt       0x10000000        0x0 load address 0x00001584
 .igot.plt      0x10000000        0x0 ./src/AutomaticAccidentDetectionReportingSystem.o

.bss            0x10000000       0x14 load address 0x00001584
                0x10000000                _bss = .
 *(.bss*)
 .bss.ssp_format
                0x10000000        0x3 ./src/AutomaticAccidentDetectionReportingSystem.o
 *fill*         0x10000003        0x1 
 .bss.u16ValueX
                0x10000004        0x4 ./src/AutomaticAccidentDetectionReportingSystem.o
                0x10000004                u16ValueX
 .bss.u16ValueY
                0x10000008        0x4 ./src/AutomaticAccidentDetectionReportingSystem.o
                0x10000008                u16ValueY
 .bss.u16ValueZ
                0x1000000c        0x4 ./src/AutomaticAccidentDetectionReportingSystem.o
                0x1000000c                u16ValueZ
 *(COMMON)
 COMMON         0x10000010        0x4 C:\Users\rosian.rad\Documents\LPCXpresso_8.1.4_606\workspace\lpc_chip_11cxx_lib\Debug\liblpc_chip_11cxx_lib.a(chip_11xx.o)
                0x10000010                SystemCoreClock
                0x10000014                . = ALIGN (0x4)
                0x10000014                _ebss = .
                [!provide]                PROVIDE (end, .)

.noinit         0x10000014        0x0 load address 0x00001584
                0x10000014                _noinit = .
 *(.noinit*)
                0x10000014                . = ALIGN (0x4)
                0x10000014                _end_noinit = .
                [!provide]                PROVIDE (_pvHeapStart, DEFINED (__user_heap_base)?__user_heap_base:.)
                0x10002000                PROVIDE (_vStackTop, DEFINED (__user_stack_top)?__user_stack_top:(__top_RamLoc8 - 0x0))
                0xefffdb1d                PROVIDE (__valid_user_code_checksum, (0x0 - (((_vStackTop + (ResetISR + 0x1)) + (DEFINED (NMI_Handler)?NMI_Handler:M0_NMI_Handler + 0x1)) + (DEFINED (HardFault_Handler)?HardFault_Handler:M0_HardFault_Handler + 0x1))))
OUTPUT(AutomaticAccidentDetectionReportingSystem.axf elf32-littlearm)

.debug_info     0x00000000     0x47a0
 .debug_info    0x00000000      0x7d2 ./src/AutomaticAccidentDetectionReportingSystem.o
 .debug_info    0x000007d2      0x1fe ./src/cr_startup_lpc11xx.o
 .debug_info    0x000009d0       0x3f ./src/crp.o
 .debug_info    0x00000a0f       0xb8 ./src/sysinit.o
 .debug_info    0x00000ac7      0x814 C:\Users\rosian.rad\Documents\LPCXpresso_8.1.4_606\workspace\nxp_lpcxpresso_11c24_board_lib\Debug\libnxp_lpcxpresso_11c24_board_lib.a(board.o)
 .debug_info    0x000012db      0xa21 C:\Users\rosian.rad\Documents\LPCXpresso_8.1.4_606\workspace\nxp_lpcxpresso_11c24_board_lib\Debug\libnxp_lpcxpresso_11c24_board_lib.a(board_sysinit.o)
 .debug_info    0x00001cfc       0xc2 C:\Users\rosian.rad\Documents\LPCXpresso_8.1.4_606\workspace\lpc_chip_11cxx_lib\Debug\liblpc_chip_11cxx_lib.a(chip_11xx.o)
 .debug_info    0x00001dbe      0x883 C:\Users\rosian.rad\Documents\LPCXpresso_8.1.4_606\workspace\lpc_chip_11cxx_lib\Debug\liblpc_chip_11cxx_lib.a(clock_11xx.o)
 .debug_info    0x00002641      0xb38 C:\Users\rosian.rad\Documents\LPCXpresso_8.1.4_606\workspace\lpc_chip_11cxx_lib\Debug\liblpc_chip_11cxx_lib.a(gpio_11xx_2.o)
 .debug_info    0x00003179     0x10a4 C:\Users\rosian.rad\Documents\LPCXpresso_8.1.4_606\workspace\lpc_chip_11cxx_lib\Debug\liblpc_chip_11cxx_lib.a(ssp_11xx.o)
 .debug_info    0x0000421d      0x583 C:\Users\rosian.rad\Documents\LPCXpresso_8.1.4_606\workspace\lpc_chip_11cxx_lib\Debug\liblpc_chip_11cxx_lib.a(sysctl_11xx.o)

.debug_abbrev   0x00000000      0xf0f
 .debug_abbrev  0x00000000      0x1ee ./src/AutomaticAccidentDetectionReportingSystem.o
 .debug_abbrev  0x000001ee       0xe6 ./src/cr_startup_lpc11xx.o
 .debug_abbrev  0x000002d4       0x36 ./src/crp.o
 .debug_abbrev  0x0000030a       0x6a ./src/sysinit.o
 .debug_abbrev  0x00000374      0x24c C:\Users\rosian.rad\Documents\LPCXpresso_8.1.4_606\workspace\nxp_lpcxpresso_11c24_board_lib\Debug\libnxp_lpcxpresso_11c24_board_lib.a(board.o)
 .debug_abbrev  0x000005c0      0x1e7 C:\Users\rosian.rad\Documents\LPCXpresso_8.1.4_606\workspace\nxp_lpcxpresso_11c24_board_lib\Debug\libnxp_lpcxpresso_11c24_board_lib.a(board_sysinit.o)
 .debug_abbrev  0x000007a7       0x7b C:\Users\rosian.rad\Documents\LPCXpresso_8.1.4_606\workspace\lpc_chip_11cxx_lib\Debug\liblpc_chip_11cxx_lib.a(chip_11xx.o)
 .debug_abbrev  0x00000822      0x1c0 C:\Users\rosian.rad\Documents\LPCXpresso_8.1.4_606\workspace\lpc_chip_11cxx_lib\Debug\liblpc_chip_11cxx_lib.a(clock_11xx.o)
 .debug_abbrev  0x000009e2      0x1a9 C:\Users\rosian.rad\Documents\LPCXpresso_8.1.4_606\workspace\lpc_chip_11cxx_lib\Debug\liblpc_chip_11cxx_lib.a(gpio_11xx_2.o)
 .debug_abbrev  0x00000b8b      0x2b6 C:\Users\rosian.rad\Documents\LPCXpresso_8.1.4_606\workspace\lpc_chip_11cxx_lib\Debug\liblpc_chip_11cxx_lib.a(ssp_11xx.o)
 .debug_abbrev  0x00000e41       0xce C:\Users\rosian.rad\Documents\LPCXpresso_8.1.4_606\workspace\lpc_chip_11cxx_lib\Debug\liblpc_chip_11cxx_lib.a(sysctl_11xx.o)

.debug_aranges  0x00000000      0x4f8
 .debug_aranges
                0x00000000       0x80 ./src/AutomaticAccidentDetectionReportingSystem.o
 .debug_aranges
                0x00000080       0x60 ./src/cr_startup_lpc11xx.o
 .debug_aranges
                0x000000e0       0x18 ./src/crp.o
 .debug_aranges
                0x000000f8       0x20 ./src/sysinit.o
 .debug_aranges
                0x00000118       0xb0 C:\Users\rosian.rad\Documents\LPCXpresso_8.1.4_606\workspace\nxp_lpcxpresso_11c24_board_lib\Debug\libnxp_lpcxpresso_11c24_board_lib.a(board.o)
 .debug_aranges
                0x000001c8       0x60 C:\Users\rosian.rad\Documents\LPCXpresso_8.1.4_606\workspace\nxp_lpcxpresso_11c24_board_lib\Debug\libnxp_lpcxpresso_11c24_board_lib.a(board_sysinit.o)
 .debug_aranges
                0x00000228       0x20 C:\Users\rosian.rad\Documents\LPCXpresso_8.1.4_606\workspace\lpc_chip_11cxx_lib\Debug\liblpc_chip_11cxx_lib.a(chip_11xx.o)
 .debug_aranges
                0x00000248       0x88 C:\Users\rosian.rad\Documents\LPCXpresso_8.1.4_606\workspace\lpc_chip_11cxx_lib\Debug\liblpc_chip_11cxx_lib.a(clock_11xx.o)
 .debug_aranges
                0x000002d0       0xb0 C:\Users\rosian.rad\Documents\LPCXpresso_8.1.4_606\workspace\lpc_chip_11cxx_lib\Debug\liblpc_chip_11cxx_lib.a(gpio_11xx_2.o)
 .debug_aranges
                0x00000380      0x140 C:\Users\rosian.rad\Documents\LPCXpresso_8.1.4_606\workspace\lpc_chip_11cxx_lib\Debug\liblpc_chip_11cxx_lib.a(ssp_11xx.o)
 .debug_aranges
                0x000004c0       0x38 C:\Users\rosian.rad\Documents\LPCXpresso_8.1.4_606\workspace\lpc_chip_11cxx_lib\Debug\liblpc_chip_11cxx_lib.a(sysctl_11xx.o)

.debug_ranges   0x00000000      0x440
 .debug_ranges  0x00000000       0x70 ./src/AutomaticAccidentDetectionReportingSystem.o
 .debug_ranges  0x00000070       0x50 ./src/cr_startup_lpc11xx.o
 .debug_ranges  0x000000c0       0x10 ./src/sysinit.o
 .debug_ranges  0x000000d0       0xa0 C:\Users\rosian.rad\Documents\LPCXpresso_8.1.4_606\workspace\nxp_lpcxpresso_11c24_board_lib\Debug\libnxp_lpcxpresso_11c24_board_lib.a(board.o)
 .debug_ranges  0x00000170       0x50 C:\Users\rosian.rad\Documents\LPCXpresso_8.1.4_606\workspace\nxp_lpcxpresso_11c24_board_lib\Debug\libnxp_lpcxpresso_11c24_board_lib.a(board_sysinit.o)
 .debug_ranges  0x000001c0       0x10 C:\Users\rosian.rad\Documents\LPCXpresso_8.1.4_606\workspace\lpc_chip_11cxx_lib\Debug\liblpc_chip_11cxx_lib.a(chip_11xx.o)
 .debug_ranges  0x000001d0       0x78 C:\Users\rosian.rad\Documents\LPCXpresso_8.1.4_606\workspace\lpc_chip_11cxx_lib\Debug\liblpc_chip_11cxx_lib.a(clock_11xx.o)
 .debug_ranges  0x00000248       0xa0 C:\Users\rosian.rad\Documents\LPCXpresso_8.1.4_606\workspace\lpc_chip_11cxx_lib\Debug\liblpc_chip_11cxx_lib.a(gpio_11xx_2.o)
 .debug_ranges  0x000002e8      0x130 C:\Users\rosian.rad\Documents\LPCXpresso_8.1.4_606\workspace\lpc_chip_11cxx_lib\Debug\liblpc_chip_11cxx_lib.a(ssp_11xx.o)
 .debug_ranges  0x00000418       0x28 C:\Users\rosian.rad\Documents\LPCXpresso_8.1.4_606\workspace\lpc_chip_11cxx_lib\Debug\liblpc_chip_11cxx_lib.a(sysctl_11xx.o)

.debug_macro    0x00000000     0x3570
 .debug_macro   0x00000000      0x193 ./src/AutomaticAccidentDetectionReportingSystem.o
 .debug_macro   0x00000193      0x83e ./src/AutomaticAccidentDetectionReportingSystem.o
 .debug_macro   0x000009d1       0x10 ./src/AutomaticAccidentDetectionReportingSystem.o
 .debug_macro   0x000009e1      0x12d ./src/AutomaticAccidentDetectionReportingSystem.o
 .debug_macro   0x00000b0e      0x5b2 ./src/AutomaticAccidentDetectionReportingSystem.o
 .debug_macro   0x000010c0       0x22 ./src/AutomaticAccidentDetectionReportingSystem.o
 .debug_macro   0x000010e2       0x7b ./src/AutomaticAccidentDetectionReportingSystem.o
 .debug_macro   0x0000115d       0x10 ./src/AutomaticAccidentDetectionReportingSystem.o
 .debug_macro   0x0000116d       0x1f ./src/AutomaticAccidentDetectionReportingSystem.o
 .debug_macro   0x0000118c       0x3a ./src/AutomaticAccidentDetectionReportingSystem.o
 .debug_macro   0x000011c6      0x241 ./src/AutomaticAccidentDetectionReportingSystem.o
 .debug_macro   0x00001407      0x117 ./src/AutomaticAccidentDetectionReportingSystem.o
 .debug_macro   0x0000151e       0x22 ./src/AutomaticAccidentDetectionReportingSystem.o
 .debug_macro   0x00001540       0xb2 ./src/AutomaticAccidentDetectionReportingSystem.o
 .debug_macro   0x000015f2       0x10 ./src/AutomaticAccidentDetectionReportingSystem.o
 .debug_macro   0x00001602      0x137 ./src/AutomaticAccidentDetectionReportingSystem.o
 .debug_macro   0x00001739       0x4c ./src/AutomaticAccidentDetectionReportingSystem.o
 .debug_macro   0x00001785       0x16 ./src/AutomaticAccidentDetectionReportingSystem.o
 .debug_macro   0x0000179b      0x31a ./src/AutomaticAccidentDetectionReportingSystem.o
 .debug_macro   0x00001ab5       0x2e ./src/AutomaticAccidentDetectionReportingSystem.o
 .debug_macro   0x00001ae3       0xb8 ./src/AutomaticAccidentDetectionReportingSystem.o
 .debug_macro   0x00001b9b       0x11 ./src/AutomaticAccidentDetectionReportingSystem.o
 .debug_macro   0x00001bac       0x7c ./src/AutomaticAccidentDetectionReportingSystem.o
 .debug_macro   0x00001c28      0x21c ./src/AutomaticAccidentDetectionReportingSystem.o
 .debug_macro   0x00001e44      0x113 ./src/AutomaticAccidentDetectionReportingSystem.o
 .debug_macro   0x00001f57       0x10 ./src/AutomaticAccidentDetectionReportingSystem.o
 .debug_macro   0x00001f67       0x9a ./src/AutomaticAccidentDetectionReportingSystem.o
 .debug_macro   0x00002001       0x20 ./src/AutomaticAccidentDetectionReportingSystem.o
 .debug_macro   0x00002021       0x82 ./src/AutomaticAccidentDetectionReportingSystem.o
 .debug_macro   0x000020a3       0xf4 ./src/AutomaticAccidentDetectionReportingSystem.o
 .debug_macro   0x00002197       0x1d ./src/cr_startup_lpc11xx.o
 .debug_macro   0x000021b4       0x1a ./src/crp.o
 .debug_macro   0x000021ce       0x34 ./src/crp.o
 .debug_macro   0x00002202      0x17d ./src/sysinit.o
 .debug_macro   0x0000237f      0x18a C:\Users\rosian.rad\Documents\LPCXpresso_8.1.4_606\workspace\nxp_lpcxpresso_11c24_board_lib\Debug\libnxp_lpcxpresso_11c24_board_lib.a(board.o)
 .debug_macro   0x00002509      0x838 C:\Users\rosian.rad\Documents\LPCXpresso_8.1.4_606\workspace\nxp_lpcxpresso_11c24_board_lib\Debug\libnxp_lpcxpresso_11c24_board_lib.a(board.o)
 .debug_macro   0x00002d41       0x12 C:\Users\rosian.rad\Documents\LPCXpresso_8.1.4_606\workspace\nxp_lpcxpresso_11c24_board_lib\Debug\libnxp_lpcxpresso_11c24_board_lib.a(board.o)
 .debug_macro   0x00002d53      0x18b C:\Users\rosian.rad\Documents\LPCXpresso_8.1.4_606\workspace\nxp_lpcxpresso_11c24_board_lib\Debug\libnxp_lpcxpresso_11c24_board_lib.a(board_sysinit.o)
 .debug_macro   0x00002ede      0x148 C:\Users\rosian.rad\Documents\LPCXpresso_8.1.4_606\workspace\lpc_chip_11cxx_lib\Debug\liblpc_chip_11cxx_lib.a(chip_11xx.o)
 .debug_macro   0x00003026      0x148 C:\Users\rosian.rad\Documents\LPCXpresso_8.1.4_606\workspace\lpc_chip_11cxx_lib\Debug\liblpc_chip_11cxx_lib.a(clock_11xx.o)
 .debug_macro   0x0000316e      0x148 C:\Users\rosian.rad\Documents\LPCXpresso_8.1.4_606\workspace\lpc_chip_11cxx_lib\Debug\liblpc_chip_11cxx_lib.a(gpio_11xx_2.o)
 .debug_macro   0x000032b6      0x148 C:\Users\rosian.rad\Documents\LPCXpresso_8.1.4_606\workspace\lpc_chip_11cxx_lib\Debug\liblpc_chip_11cxx_lib.a(ssp_11xx.o)
 .debug_macro   0x000033fe      0x172 C:\Users\rosian.rad\Documents\LPCXpresso_8.1.4_606\workspace\lpc_chip_11cxx_lib\Debug\liblpc_chip_11cxx_lib.a(sysctl_11xx.o)

.debug_line     0x00000000     0x283e
 .debug_line    0x00000000      0x583 ./src/AutomaticAccidentDetectionReportingSystem.o
 .debug_line    0x00000583       0xba ./src/cr_startup_lpc11xx.o
 .debug_line    0x0000063d       0x78 ./src/crp.o
 .debug_line    0x000006b5      0x34f ./src/sysinit.o
 .debug_line    0x00000a04      0x4d7 C:\Users\rosian.rad\Documents\LPCXpresso_8.1.4_606\workspace\nxp_lpcxpresso_11c24_board_lib\Debug\libnxp_lpcxpresso_11c24_board_lib.a(board.o)
 .debug_line    0x00000edb      0x43a C:\Users\rosian.rad\Documents\LPCXpresso_8.1.4_606\workspace\nxp_lpcxpresso_11c24_board_lib\Debug\libnxp_lpcxpresso_11c24_board_lib.a(board_sysinit.o)
 .debug_line    0x00001315      0x2cc C:\Users\rosian.rad\Documents\LPCXpresso_8.1.4_606\workspace\lpc_chip_11cxx_lib\Debug\liblpc_chip_11cxx_lib.a(chip_11xx.o)
 .debug_line    0x000015e1      0x3f6 C:\Users\rosian.rad\Documents\LPCXpresso_8.1.4_606\workspace\lpc_chip_11cxx_lib\Debug\liblpc_chip_11cxx_lib.a(clock_11xx.o)
 .debug_line    0x000019d7      0x457 C:\Users\rosian.rad\Documents\LPCXpresso_8.1.4_606\workspace\lpc_chip_11cxx_lib\Debug\liblpc_chip_11cxx_lib.a(gpio_11xx_2.o)
 .debug_line    0x00001e2e      0x707 C:\Users\rosian.rad\Documents\LPCXpresso_8.1.4_606\workspace\lpc_chip_11cxx_lib\Debug\liblpc_chip_11cxx_lib.a(ssp_11xx.o)
 .debug_line    0x00002535      0x309 C:\Users\rosian.rad\Documents\LPCXpresso_8.1.4_606\workspace\lpc_chip_11cxx_lib\Debug\liblpc_chip_11cxx_lib.a(sysctl_11xx.o)

.debug_str      0x00000000     0xa804
 .debug_str     0x00000000     0x8da7 ./src/AutomaticAccidentDetectionReportingSystem.o
                               0x8eb3 (size before relaxing)
 .debug_str     0x00008da7      0x178 ./src/cr_startup_lpc11xx.o
                               0x2542 (size before relaxing)
 .debug_str     0x00008f1f       0xe9 ./src/crp.o
                               0x24a4 (size before relaxing)
 .debug_str     0x00009008       0x11 ./src/sysinit.o
                               0x8038 (size before relaxing)
 .debug_str     0x00009019      0x331 C:\Users\rosian.rad\Documents\LPCXpresso_8.1.4_606\workspace\nxp_lpcxpresso_11c24_board_lib\Debug\libnxp_lpcxpresso_11c24_board_lib.a(board.o)
                               0x84bb (size before relaxing)
 .debug_str     0x0000934a      0x6cd C:\Users\rosian.rad\Documents\LPCXpresso_8.1.4_606\workspace\nxp_lpcxpresso_11c24_board_lib\Debug\libnxp_lpcxpresso_11c24_board_lib.a(board_sysinit.o)
                               0x8954 (size before relaxing)
 .debug_str     0x00009a17       0x8f C:\Users\rosian.rad\Documents\LPCXpresso_8.1.4_606\workspace\lpc_chip_11cxx_lib\Debug\liblpc_chip_11cxx_lib.a(chip_11xx.o)
                               0x7d53 (size before relaxing)
 .debug_str     0x00009aa6      0x447 C:\Users\rosian.rad\Documents\LPCXpresso_8.1.4_606\workspace\lpc_chip_11cxx_lib\Debug\liblpc_chip_11cxx_lib.a(clock_11xx.o)
                               0x8517 (size before relaxing)
 .debug_str     0x00009eed      0x242 C:\Users\rosian.rad\Documents\LPCXpresso_8.1.4_606\workspace\lpc_chip_11cxx_lib\Debug\liblpc_chip_11cxx_lib.a(gpio_11xx_2.o)
                               0x83f5 (size before relaxing)
 .debug_str     0x0000a12f      0x536 C:\Users\rosian.rad\Documents\LPCXpresso_8.1.4_606\workspace\lpc_chip_11cxx_lib\Debug\liblpc_chip_11cxx_lib.a(ssp_11xx.o)
                               0x89af (size before relaxing)
 .debug_str     0x0000a665      0x19f C:\Users\rosian.rad\Documents\LPCXpresso_8.1.4_606\workspace\lpc_chip_11cxx_lib\Debug\liblpc_chip_11cxx_lib.a(sysctl_11xx.o)
                               0x8161 (size before relaxing)

.comment        0x00000000       0x6e
 .comment       0x00000000       0x6e ./src/AutomaticAccidentDetectionReportingSystem.o
                                 0x6f (size before relaxing)
 .comment       0x0000006e       0x6f ./src/cr_startup_lpc11xx.o
 .comment       0x0000006e       0x6f ./src/crp.o
 .comment       0x0000006e       0x6f ./src/sysinit.o
 .comment       0x0000006e       0x6f C:\Users\rosian.rad\Documents\LPCXpresso_8.1.4_606\workspace\nxp_lpcxpresso_11c24_board_lib\Debug\libnxp_lpcxpresso_11c24_board_lib.a(board.o)
 .comment       0x0000006e       0x6f C:\Users\rosian.rad\Documents\LPCXpresso_8.1.4_606\workspace\nxp_lpcxpresso_11c24_board_lib\Debug\libnxp_lpcxpresso_11c24_board_lib.a(board_sysinit.o)
 .comment       0x0000006e       0x6f C:\Users\rosian.rad\Documents\LPCXpresso_8.1.4_606\workspace\lpc_chip_11cxx_lib\Debug\liblpc_chip_11cxx_lib.a(chip_11xx.o)
 .comment       0x0000006e       0x6f C:\Users\rosian.rad\Documents\LPCXpresso_8.1.4_606\workspace\lpc_chip_11cxx_lib\Debug\liblpc_chip_11cxx_lib.a(clock_11xx.o)
 .comment       0x0000006e       0x6f C:\Users\rosian.rad\Documents\LPCXpresso_8.1.4_606\workspace\lpc_chip_11cxx_lib\Debug\liblpc_chip_11cxx_lib.a(gpio_11xx_2.o)
 .comment       0x0000006e       0x6f C:\Users\rosian.rad\Documents\LPCXpresso_8.1.4_606\workspace\lpc_chip_11cxx_lib\Debug\liblpc_chip_11cxx_lib.a(ssp_11xx.o)
 .comment       0x0000006e       0x6f C:\Users\rosian.rad\Documents\LPCXpresso_8.1.4_606\workspace\lpc_chip_11cxx_lib\Debug\liblpc_chip_11cxx_lib.a(sysctl_11xx.o)
 .comment       0x0000006e       0x6f c:/nxp/lpcxpresso_8.1.4_606/lpcxpresso/tools/bin/../lib/gcc/arm-none-eabi/5.2.1/../../../../arm-none-eabi/lib/armv6-m\libcr_c.a(__weak__main.o)
 .comment       0x0000006e       0x6f c:/nxp/lpcxpresso_8.1.4_606/lpcxpresso/tools/bin/../lib/gcc/arm-none-eabi/5.2.1/armv6-m\libcr_eabihelpers.a(float.o)

.ARM.attributes
                0x00000000       0x2f
 .ARM.attributes
                0x00000000       0x31 ./src/AutomaticAccidentDetectionReportingSystem.o
 .ARM.attributes
                0x00000031       0x31 ./src/cr_startup_lpc11xx.o
 .ARM.attributes
                0x00000062       0x31 ./src/crp.o
 .ARM.attributes
                0x00000093       0x31 ./src/sysinit.o
 .ARM.attributes
                0x000000c4       0x31 C:\Users\rosian.rad\Documents\LPCXpresso_8.1.4_606\workspace\nxp_lpcxpresso_11c24_board_lib\Debug\libnxp_lpcxpresso_11c24_board_lib.a(board.o)
 .ARM.attributes
                0x000000f5       0x31 C:\Users\rosian.rad\Documents\LPCXpresso_8.1.4_606\workspace\nxp_lpcxpresso_11c24_board_lib\Debug\libnxp_lpcxpresso_11c24_board_lib.a(board_sysinit.o)
 .ARM.attributes
                0x00000126       0x31 C:\Users\rosian.rad\Documents\LPCXpresso_8.1.4_606\workspace\lpc_chip_11cxx_lib\Debug\liblpc_chip_11cxx_lib.a(chip_11xx.o)
 .ARM.attributes
                0x00000157       0x31 C:\Users\rosian.rad\Documents\LPCXpresso_8.1.4_606\workspace\lpc_chip_11cxx_lib\Debug\liblpc_chip_11cxx_lib.a(clock_11xx.o)
 .ARM.attributes
                0x00000188       0x31 C:\Users\rosian.rad\Documents\LPCXpresso_8.1.4_606\workspace\lpc_chip_11cxx_lib\Debug\liblpc_chip_11cxx_lib.a(gpio_11xx_2.o)
 .ARM.attributes
                0x000001b9       0x31 C:\Users\rosian.rad\Documents\LPCXpresso_8.1.4_606\workspace\lpc_chip_11cxx_lib\Debug\liblpc_chip_11cxx_lib.a(ssp_11xx.o)
 .ARM.attributes
                0x000001ea       0x31 C:\Users\rosian.rad\Documents\LPCXpresso_8.1.4_606\workspace\lpc_chip_11cxx_lib\Debug\liblpc_chip_11cxx_lib.a(sysctl_11xx.o)
 .ARM.attributes
                0x0000021b       0x31 c:/nxp/lpcxpresso_8.1.4_606/lpcxpresso/tools/bin/../lib/gcc/arm-none-eabi/5.2.1/../../../../arm-none-eabi/lib/armv6-m\libcr_c.a(__weak__main.o)
 .ARM.attributes
                0x0000024c       0x21 c:/nxp/lpcxpresso_8.1.4_606/lpcxpresso/tools/bin/../lib/gcc/arm-none-eabi/5.2.1/armv6-m\libcr_eabihelpers.a(division_32.o)
 .ARM.attributes
                0x0000026d       0x21 c:/nxp/lpcxpresso_8.1.4_606/lpcxpresso/tools/bin/../lib/gcc/arm-none-eabi/5.2.1/armv6-m\libcr_eabihelpers.a(division_idiv0.o)
 .ARM.attributes
                0x0000028e       0x31 c:/nxp/lpcxpresso_8.1.4_606/lpcxpresso/tools/bin/../lib/gcc/arm-none-eabi/5.2.1/armv6-m\libcr_eabihelpers.a(float.o)
 .ARM.attributes
                0x000002bf       0x21 c:/nxp/lpcxpresso_8.1.4_606/lpcxpresso/tools/bin/../lib/gcc/arm-none-eabi/5.2.1/armv6-m\libcr_eabihelpers.a(llong.o)

.debug_frame    0x00000000     0x1004
 .debug_frame   0x00000000      0x1a4 ./src/AutomaticAccidentDetectionReportingSystem.o
 .debug_frame   0x000001a4      0x118 ./src/cr_startup_lpc11xx.o
 .debug_frame   0x000002bc       0x2c ./src/sysinit.o
 .debug_frame   0x000002e8      0x260 C:\Users\rosian.rad\Documents\LPCXpresso_8.1.4_606\workspace\nxp_lpcxpresso_11c24_board_lib\Debug\libnxp_lpcxpresso_11c24_board_lib.a(board.o)
 .debug_frame   0x00000548      0x128 C:\Users\rosian.rad\Documents\LPCXpresso_8.1.4_606\workspace\nxp_lpcxpresso_11c24_board_lib\Debug\libnxp_lpcxpresso_11c24_board_lib.a(board_sysinit.o)
 .debug_frame   0x00000670       0x2c C:\Users\rosian.rad\Documents\LPCXpresso_8.1.4_606\workspace\lpc_chip_11cxx_lib\Debug\liblpc_chip_11cxx_lib.a(chip_11xx.o)
 .debug_frame   0x0000069c      0x1c0 C:\Users\rosian.rad\Documents\LPCXpresso_8.1.4_606\workspace\lpc_chip_11cxx_lib\Debug\liblpc_chip_11cxx_lib.a(clock_11xx.o)
 .debug_frame   0x0000085c      0x270 C:\Users\rosian.rad\Documents\LPCXpresso_8.1.4_606\workspace\lpc_chip_11cxx_lib\Debug\liblpc_chip_11cxx_lib.a(gpio_11xx_2.o)
 .debug_frame   0x00000acc      0x4a8 C:\Users\rosian.rad\Documents\LPCXpresso_8.1.4_606\workspace\lpc_chip_11cxx_lib\Debug\liblpc_chip_11cxx_lib.a(ssp_11xx.o)
 .debug_frame   0x00000f74       0x90 C:\Users\rosian.rad\Documents\LPCXpresso_8.1.4_606\workspace\lpc_chip_11cxx_lib\Debug\liblpc_chip_11cxx_lib.a(sysctl_11xx.o)
